Component: ARM Compiler 5.06 update 7 (build 960) Tool: armlink [4d3601]

==============================================================================

Section Cross References

    startup_stm32f407xx.o(STACK) refers (Special) to heapauxi.o(.text) for __use_two_region_memory
    startup_stm32f407xx.o(HEAP) refers (Special) to heapauxi.o(.text) for __use_two_region_memory
    startup_stm32f407xx.o(RESET) refers (Special) to heapauxi.o(.text) for __use_two_region_memory
    startup_stm32f407xx.o(RESET) refers to startup_stm32f407xx.o(STACK) for __initial_sp
    startup_stm32f407xx.o(RESET) refers to startup_stm32f407xx.o(.text) for Reset_Handler
    startup_stm32f407xx.o(RESET) refers to stm32f4xx_it.o(i.NMI_Handler) for NMI_Handler
    startup_stm32f407xx.o(RESET) refers to stm32f4xx_it.o(i.HardFault_Handler) for HardFault_Handler
    startup_stm32f407xx.o(RESET) refers to stm32f4xx_it.o(i.MemManage_Handler) for MemManage_Handler
    startup_stm32f407xx.o(RESET) refers to stm32f4xx_it.o(i.BusFault_Handler) for BusFault_Handler
    startup_stm32f407xx.o(RESET) refers to stm32f4xx_it.o(i.UsageFault_Handler) for UsageFault_Handler
    startup_stm32f407xx.o(RESET) refers to stm32f4xx_it.o(i.SVC_Handler) for SVC_Handler
    startup_stm32f407xx.o(RESET) refers to stm32f4xx_it.o(i.DebugMon_Handler) for DebugMon_Handler
    startup_stm32f407xx.o(RESET) refers to stm32f4xx_it.o(i.PendSV_Handler) for PendSV_Handler
    startup_stm32f407xx.o(RESET) refers to stm32f4xx_it.o(i.SysTick_Handler) for SysTick_Handler
    startup_stm32f407xx.o(RESET) refers to stm32f4xx_it.o(i.EXTI0_IRQHandler) for EXTI0_IRQHandler
    startup_stm32f407xx.o(RESET) refers to stm32f4xx_it.o(i.EXTI2_IRQHandler) for EXTI2_IRQHandler
    startup_stm32f407xx.o(RESET) refers to stm32f4xx_it.o(i.EXTI4_IRQHandler) for EXTI4_IRQHandler
    startup_stm32f407xx.o(RESET) refers to stm32f4xx_it.o(i.EXTI9_5_IRQHandler) for EXTI9_5_IRQHandler
    startup_stm32f407xx.o(RESET) refers to stm32f4xx_it.o(i.TIM1_UP_TIM10_IRQHandler) for TIM1_UP_TIM10_IRQHandler
    startup_stm32f407xx.o(RESET) refers to stm32f4xx_it.o(i.TIM1_TRG_COM_TIM11_IRQHandler) for TIM1_TRG_COM_TIM11_IRQHandler
    startup_stm32f407xx.o(RESET) refers to stm32f4xx_it.o(i.TIM3_IRQHandler) for TIM3_IRQHandler
    startup_stm32f407xx.o(RESET) refers to stm32f4xx_it.o(i.USART1_IRQHandler) for USART1_IRQHandler
    startup_stm32f407xx.o(RESET) refers to stm32f4xx_it.o(i.TIM8_UP_TIM13_IRQHandler) for TIM8_UP_TIM13_IRQHandler
    startup_stm32f407xx.o(RESET) refers to stm32f4xx_it.o(i.TIM8_TRG_COM_TIM14_IRQHandler) for TIM8_TRG_COM_TIM14_IRQHandler
    startup_stm32f407xx.o(RESET) refers to stm32f4xx_it.o(i.DMA2_Stream7_IRQHandler) for DMA2_Stream7_IRQHandler
    startup_stm32f407xx.o(.text) refers (Special) to heapauxi.o(.text) for __use_two_region_memory
    startup_stm32f407xx.o(.text) refers to system_stm32f4xx.o(i.SystemInit) for SystemInit
    startup_stm32f407xx.o(.text) refers to __main.o(!!!main) for __main
    startup_stm32f407xx.o(.text) refers to startup_stm32f407xx.o(HEAP) for Heap_Mem
    startup_stm32f407xx.o(.text) refers to startup_stm32f407xx.o(STACK) for Stack_Mem
    main.o(i.SystemClock_Config) refers to rt_memclr_w.o(.text) for __aeabi_memclr4
    main.o(i.SystemClock_Config) refers to stm32f4xx_hal_rcc.o(i.HAL_RCC_OscConfig) for HAL_RCC_OscConfig
    main.o(i.SystemClock_Config) refers to stm32f4xx_hal_rcc.o(i.HAL_RCC_ClockConfig) for HAL_RCC_ClockConfig
    main.o(i.main) refers to stm32f4xx_hal.o(i.HAL_Init) for HAL_Init
    main.o(i.main) refers to main.o(i.SystemClock_Config) for SystemClock_Config
    main.o(i.main) refers to gpio.o(i.MX_GPIO_Init) for MX_GPIO_Init
    main.o(i.main) refers to dma.o(i.MX_DMA_Init) for MX_DMA_Init
    main.o(i.main) refers to tim.o(i.MX_TIM10_Init) for MX_TIM10_Init
    main.o(i.main) refers to tim.o(i.MX_TIM11_Init) for MX_TIM11_Init
    main.o(i.main) refers to tim.o(i.MX_TIM13_Init) for MX_TIM13_Init
    main.o(i.main) refers to tim.o(i.MX_TIM14_Init) for MX_TIM14_Init
    main.o(i.main) refers to usart.o(i.MX_USART1_UART_Init) for MX_USART1_UART_Init
    main.o(i.main) refers to adc.o(i.MX_ADC1_Init) for MX_ADC1_Init
    main.o(i.main) refers to tim.o(i.MX_TIM3_Init) for MX_TIM3_Init
    main.o(i.main) refers to demo.o(i.System_Running) for System_Running
    gpio.o(i.MX_GPIO_Init) refers to rt_memclr_w.o(.text) for __aeabi_memclr4
    gpio.o(i.MX_GPIO_Init) refers to stm32f4xx_hal_gpio.o(i.HAL_GPIO_WritePin) for HAL_GPIO_WritePin
    gpio.o(i.MX_GPIO_Init) refers to stm32f4xx_hal_gpio.o(i.HAL_GPIO_Init) for HAL_GPIO_Init
    gpio.o(i.MX_GPIO_Init) refers to stm32f4xx_hal_cortex.o(i.HAL_NVIC_SetPriority) for HAL_NVIC_SetPriority
    gpio.o(i.MX_GPIO_Init) refers to stm32f4xx_hal_cortex.o(i.HAL_NVIC_EnableIRQ) for HAL_NVIC_EnableIRQ
    adc.o(i.HAL_ADC_MspDeInit) refers to stm32f4xx_hal_gpio.o(i.HAL_GPIO_DeInit) for HAL_GPIO_DeInit
    adc.o(i.HAL_ADC_MspDeInit) refers to stm32f4xx_hal_dma.o(i.HAL_DMA_DeInit) for HAL_DMA_DeInit
[...]
    i._is_digit                              0x08004f40   Section        0  __printf_wp.o(i._is_digit)
    i.fabs                                   0x08004f4e   Section        0  fabs.o(i.fabs)
    i.main                                   0x08004f66   Section        0  main.o(i.main)
    x$fpl$basic                              0x08004f98   Section       24  basic.o(x$fpl$basic)
    $v0                                      0x08004f98   Number         0  basic.o(x$fpl$basic)
    x$fpl$d2f                                0x08004fb0   Section       98  d2f.o(x$fpl$d2f)
    $v0                                      0x08004fb0   Number         0  d2f.o(x$fpl$d2f)
    x$fpl$dadd                               0x08005014   Section      336  daddsub_clz.o(x$fpl$dadd)
    $v0                                      0x08005014   Number         0  daddsub_clz.o(x$fpl$dadd)
    _dadd1                                   0x08005025   Thumb Code     0  daddsub_clz.o(x$fpl$dadd)
    x$fpl$ddiv                               0x08005164   Section      688  ddiv.o(x$fpl$ddiv)
    $v0                                      0x08005164   Number         0  ddiv.o(x$fpl$ddiv)
    ddiv_entry                               0x0800516b   Thumb Code     0  ddiv.o(x$fpl$ddiv)
    x$fpl$dfix                               0x08005414   Section       94  dfix.o(x$fpl$dfix)
    $v0                                      0x08005414   Number         0  dfix.o(x$fpl$dfix)
    x$fpl$dflt                               0x08005472   Section       46  dflt_clz.o(x$fpl$dflt)
    $v0                                      0x08005472   Number         0  dflt_clz.o(x$fpl$dflt)
    x$fpl$dfltu                              0x080054a0   Section       38  dflt_clz.o(x$fpl$dfltu)
    $v0                                      0x080054a0   Number         0  dflt_clz.o(x$fpl$dfltu)
    x$fpl$dmul                               0x080054c8   Section      340  dmul.o(x$fpl$dmul)
    $v0                                      0x080054c8   Number         0  dmul.o(x$fpl$dmul)
    x$fpl$dnaninf                            0x0800561c   Section      156  dnaninf.o(x$fpl$dnaninf)
    $v0                                      0x0800561c   Number         0  dnaninf.o(x$fpl$dnaninf)
    x$fpl$dretinf                            0x080056b8   Section       12  dretinf.o(x$fpl$dretinf)
    $v0                                      0x080056b8   Number         0  dretinf.o(x$fpl$dretinf)
    x$fpl$drsb                               0x080056c4   Section       22  daddsub_clz.o(x$fpl$drsb)
    $v0                                      0x080056c4   Number         0  daddsub_clz.o(x$fpl$drsb)
    x$fpl$dsub                               0x080056dc   Section      468  daddsub_clz.o(x$fpl$dsub)
    $v0                                      0x080056dc   Number         0  daddsub_clz.o(x$fpl$dsub)
    _dsub1                                   0x080056ed   Thumb Code     0  daddsub_clz.o(x$fpl$dsub)
    x$fpl$f2d                                0x080058b0   Section       86  f2d.o(x$fpl$f2d)
    $v0                                      0x080058b0   Number         0  f2d.o(x$fpl$f2d)
    x$fpl$fnaninf                            0x08005906   Section      140  fnaninf.o(x$fpl$fnaninf)
    $v0                                      0x08005906   Number         0  fnaninf.o(x$fpl$fnaninf)
    x$fpl$fpinit                             0x08005992   Section       10  fpinit.o(x$fpl$fpinit)
    $v0                                      0x08005992   Number         0  fpinit.o(x$fpl$fpinit)
    x$fpl$fretinf                            0x0800599c   Section       10  fretinf.o(x$fpl$fretinf)
    $v0                                      0x0800599c   Number         0  fretinf.o(x$fpl$fretinf)
    .constdata                               0x080059a6   Section        8  stm32f4xx_hal_dma.o(.constdata)
    x$fpl$usenofp                            0x080059a6   Section        0  usenofp.o(x$fpl$usenofp)
    flagBitshiftOffset                       0x080059a6   Data           8  stm32f4xx_hal_dma.o(.constdata)
    .constdata                               0x080059ae   Section       16  system_stm32f4xx.o(.constdata)
    .constdata                               0x080059be   Section        8  system_stm32f4xx.o(.constdata)
    .constdata                               0x080059c6   Section       17  __printf_flags_wp.o(.constdata)
    maptable                                 0x080059c6   Data          17  __printf_flags_wp.o(.constdata)
    .constdata                               0x080059d8   Section      152  atan.o(.constdata)
    atanhi                                   0x080059d8   Data          32  atan.o(.constdata)
    atanlo                                   0x080059f8   Data          32  atan.o(.constdata)
    aTodd                                    0x08005a18   Data          40  atan.o(.constdata)
    aTeven                                   0x08005a40   Data          48  atan.o(.constdata)
    .constdata                               0x08005a70   Section      200  rred.o(.constdata)
    pio2s                                    0x08005a70   Data          48  rred.o(.constdata)
    twooverpi                                0x08005aa0   Data         152  rred.o(.constdata)
    .constdata                               0x08005b38   Section       96  tan_i.o(.constdata)
    Todd                                     0x08005b38   Data          48  tan_i.o(.constdata)
    Teven                                    0x08005b68   Data          48  tan_i.o(.constdata)
    .conststring                             0x08005b98   Section       80  upload.o(.conststring)
    .data                                    0x20000000   Section        6  demo.o(.data)
    Last_Syetem_state                        0x20000002   Data           1  demo.o(.data)
    Last_Control_Mode                        0x20000003   Data           1  demo.o(.data)
    cnt                                      0x20000004   Data           2  demo.o(.data)
    .data                                    0x20000006   Section        1  connect.o(.data)
    .data                                    0x20000007   Section        4  limitswitch.o(.data)
    .data                                    0x2000000b   Section        1  upload.o(.data)
    .data                                    0x2000000c   Section        1  joystick.o(.data)
    .data                                    0x2000000e   Section        8  joystick.o(.data)
    Continue_press                           0x2000000e   Data           1  joystick.o(.data)
    Lossen                                   0x2000000f   Data           1  joystick.o(.data)
    .data                                    0x20000018   Section       12  stm32f4xx_hal.o(.data)
    .data                                    0x20000024   Section        4  system_stm32f4xx.o(.data)
    .bss                                     0x20000028   Section      168  adc.o(.bss)
    .bss                                     0x200000d0   Section      360  tim.o(.bss)
    .bss                                     0x20000238   Section      164  usart.o(.bss)
    .bss                                     0x200002dc   Section       32  demo.o(.bss)
    .bss                                     0x200002fc   Section       96  stepmotor.o(.bss)
    .bss                                     0x2000035c   Section      276  connect.o(.bss)
    .bss                                     0x20000470   Section      100  upload.o(.bss)
    .bss                                     0x200004d4   Section       80  joystick.o(.bss)
    .bss                                     0x20000524   Section       96  libspace.o(.bss)
    HEAP                                     0x20000588   Section      512  startup_stm32f407xx.o(HEAP)
    Heap_Mem                                 0x20000588   Data         512  startup_stm32f407xx.o(HEAP)
    STACK                                    0x20000788   Section     1024  startup_stm32f407xx.o(STACK)
    Stack_Mem                                0x20000788   Data        1024  startup_stm32f407xx.o(STACK)
    __initial_sp                             0x20000b88   Data           0  startup_stm32f407xx.o(STACK)

    Global Symbols

    Symbol Name                              Value     Ov Type        Size  Object(Section)

    BuildAttributes$$THM_ISAv4$E$P$D$K$B$S$7EM$VFPi3$EXTD16$VFPS$VFMA$PE$A:L22UL41UL21$X:L11$S22US41US21$IEEE1$IW$USESV6$~STKCKD$USESV7$~SHL$OTIME$ROPI$IEEEX$EBA8$UX$STANDARDLIB$REQ8$PRES8$EABIv2 0x00000000   Number         0  anon$$obj.o ABSOLUTE
    __ARM_use_no_argv                        0x00000000   Number         0  main.o ABSOLUTE
    _printf_flags                            0x00000000   Number         0  printf_stubs.o ABSOLUTE
    _printf_return_value                     0x00000000   Number         0  printf_stubs.o ABSOLUTE
    _printf_sizespec                         0x00000000   Number         0  printf_stubs.o ABSOLUTE
    _printf_widthprec                        0x00000000   Number         0  printf_stubs.o ABSOLUTE
    __ARM_exceptions_init                     - Undefined Weak Reference
    __alloca_initialize                       - Undefined Weak Reference
    __arm_fini_                               - Undefined Weak Reference
    __arm_preinit_                            - Undefined Weak Reference
    __cpp_initialize__aeabi_                  - Undefined Weak Reference
    __cxa_finalize                            - Undefined Weak Reference
    __sigvec_lookup                           - Undefined Weak Reference
    _atexit_init                              - Undefined Weak Reference
    _call_atexit_fns                          - Undefined Weak Reference
    _clock_init                               - Undefined Weak Reference
    _fp_trap_init                             - Undefined Weak Reference
    _fp_trap_shutdown                         - Undefined Weak Reference
    _get_lc_collate                           - Undefined Weak Reference
    _get_lc_ctype                             - Undefined Weak Reference
    _get_lc_monetary                          - Undefined Weak Reference
    _get_lc_time                              - Undefined Weak Reference
    _getenv_init                              - Undefined Weak Reference
    _handle_redirection                       - Undefined Weak Reference
    _init_alloc                               - Undefined Weak Reference
    _init_user_alloc                          - Undefined Weak Reference
    _initio                                   - Undefined Weak Reference
    _printf_truncate_signed                   - Undefined Weak Reference
    _printf_truncate_unsigned                 - Undefined Weak Reference
    _rand_init                                - Undefined Weak Reference
    _signal_finish                            - Undefined Weak Reference
    _signal_init                              - Undefined Weak Reference
    _terminate_alloc                          - Undefined Weak Reference
    _terminate_user_alloc                     - Undefined Weak Reference
    _terminateio                              - Undefined Weak Reference
    __Vectors_Size                           0x00000188   Number         0  startup_stm32f407xx.o ABSOLUTE
    __Vectors                                0x08000000   Data           4  startup_stm32f407xx.o(RESET)
    __Vectors_End                            0x08000188   Data           0  startup_stm32f407xx.o(RESET)
    __main                                   0x08000189   Thumb Code     8  __main.o(!!!main)
    __scatterload                            0x08000191   Thumb Code     0  __scatter.o(!!!scatter)
    __scatterload_rt2                        0x08000191   Thumb Code    44  __scatter.o(!!!scatter)
    __scatterload_rt2_thumb_only             0x08000191   Thumb Code     0  __scatter.o(!!!scatter)
    __scatterload_null                       0x0800019f   Thumb Code     0  __scatter.o(!!!scatter)
    __scatterload_copy                       0x080001c5   Thumb Code    26  __scatter_copy.o(!!handler_copy)
    __scatterload_zeroinit                   0x080001e1   Thumb Code    28  __scatter_zi.o(!!handler_zi)
    _printf_d                                0x080001fd   Thumb Code     0  _printf_d.o(.ARM.Collect$$_printf_percent$$00000009)
    _printf_percent                          0x080001fd   Thumb Code     0  _printf_percent.o(.ARM.Collect$$_printf_percent$$00000000)
    _printf_percent_end                      0x08000203   Thumb Code     0  _printf_percent_end.o(.ARM.Collect$$_printf_percent$$00000017)
    __rt_lib_init                            0x08000207   Thumb Code     0  libinit.o(.ARM.Collect$$libinit$$00000000)
    __rt_lib_init_fp_1                       0x08000209   Thumb Code     0  libinit2.o(.ARM.Collect$$libinit$$00000001)
    __rt_lib_init_alloca_1                   0x0800020d   Thumb Code     0  libinit2.o(.ARM.Collect$$libinit$$0000002E)
    __rt_lib_init_argv_1                     0x0800020d   Thumb Code     0  libinit2.o(.ARM.Collect$$libinit$$0000002C)
    __rt_lib_init_atexit_1                   0x0800020d   Thumb Code     0  libinit2.o(.ARM.Collect$$libinit$$0000001B)
    __rt_lib_init_clock_1                    0x0800020d   Thumb Code     0  libinit2.o(.ARM.Collect$$libinit$$00000021)
    __rt_lib_init_cpp_1                      0x0800020d   Thumb Code     0  libinit2.o(.ARM.Collect$$libinit$$00000032)
    __rt_lib_init_exceptions_1               0x0800020d   Thumb Code     0  libinit2.o(.ARM.Collect$$libinit$$00000030)
    __rt_lib_init_fp_trap_1                  0x0800020d   Thumb Code     0  libinit2.o(.ARM.Collect$$libinit$$0000001F)
    __rt_lib_init_getenv_1                   0x0800020d   Thumb Code     0  libinit2.o(.ARM.Collect$$libinit$$00000023)
    __rt_lib_init_heap_1                     0x0800020d   Thumb Code     0  libinit2.o(.ARM.Collect$$libinit$$0000000A)
    __rt_lib_init_lc_collate_1               0x0800020d   Thumb Code     0  libinit2.o(.ARM.Collect$$libinit$$00000011)
    __rt_lib_init_lc_ctype_1                 0x0800020d   Thumb Code     0  libinit2.o(.ARM.Collect$$libinit$$00000013)
    __rt_lib_init_lc_monetary_1              0x0800020d   Thumb Code     0  libinit2.o(.ARM.Collect$$libinit$$00000015)
    __rt_lib_init_lc_numeric_1               0x0800020d   Thumb Code     0  libinit2.o(.ARM.Collect$$libinit$$00000017)
    __rt_lib_init_lc_time_1                  0x0800020d   Thumb Code     0  libinit2.o(.ARM.Collect$$libinit$$00000019)
    __rt_lib_init_preinit_1                  0x0800020d   Thumb Code     0  libinit2.o(.ARM.Collect$$libinit$$00000004)
    __rt_lib_init_rand_1                     0x0800020d   Thumb Code     0  libinit2.o(.ARM.Collect$$libinit$$0000000E)
    __rt_lib_init_return                     0x0800020d   Thumb Code     0  libinit2.o(.ARM.Collect$$libinit$$00000033)
    __rt_lib_init_signal_1                   0x0800020d   Thumb Code     0  libinit2.o(.ARM.Collect$$libinit$$0000001D)
    __rt_lib_init_stdio_1                    0x0800020d   Thumb Code     0  libinit2.o(.ARM.Collect$$libinit$$00000025)
    __rt_lib_init_user_alloc_1               0x0800020d   Thumb Code     0  libinit2.o(.ARM.Collect$$libinit$$0000000C)
    __rt_lib_shutdown                        0x0800020f   Thumb Code     0  libshutdown.o(.ARM.Collect$$libshutdown$$00000000)
    __rt_lib_shutdown_cpp_1                  0x08000211   Thumb Code     0  libshutdown2.o(.ARM.Collect$$libshutdown$$00000004)
    __rt_lib_shutdown_fini_1                 0x08000211   Thumb Code     0  libshutdown2.o(.ARM.Collect$$libshutdown$$00000002)
    __rt_lib_shutdown_fp_trap_1              0x08000211   Thumb Code     0  libshutdown2.o(.ARM.Collect$$libshutdown$$00000009)
    __rt_lib_shutdown_heap_1                 0x08000211   Thumb Code     0  libshutdown2.o(.ARM.Collect$$libshutdown$$00000011)
    __rt_lib_shutdown_return                 0x08000211   Thumb Code     0  libshutdown2.o(.ARM.Collect$$libshutdown$$00000012)
    __rt_lib_shutdown_signal_1               0x08000211   Thumb Code     0  libshutdown2.o(.ARM.Collect$$libshutdown$$0000000C)
    __rt_lib_shutdown_stdio_1                0x08000211   Thumb Code     0  libshutdown2.o(.ARM.Collect$$libshutdown$$00000006)
    __rt_lib_shutdown_user_alloc_1           0x08000211   Thumb Code     0  libshutdown2.o(.ARM.Collect$$libshutdown$$0000000E)
    __rt_entry                               0x08000213   Thumb Code     0  __rtentry.o(.ARM.Collect$$rtentry$$00000000)
    __rt_entry_presh_1                       0x08000213   Thumb Code     0  __rtentry2.o(.ARM.Collect$$rtentry$$00000002)
    __rt_entry_sh                            0x08000213   Thumb Code     0  __rtentry4.o(.ARM.Collect$$rtentry$$00000004)
    __rt_entry_li                            0x08000219   Thumb Code     0  __rtentry2.o(.ARM.Collect$$rtentry$$0000000A)
    __rt_entry_postsh_1                      0x08000219   Thumb Code     0  __rtentry2.o(.ARM.Collect$$rtentry$$00000009)
    __rt_entry_main                          0x0800021d   Thumb Code     0  __rtentry2.o(.ARM.Collect$$rtentry$$0000000D)
    __rt_entry_postli_1                      0x0800021d   Thumb Code     0  __rtentry2.o(.ARM.Collect$$rtentry$$0000000C)
    __rt_exit                                0x08000225   Thumb Code     0  rtexit.o(.ARM.Collect$$rtexit$$00000000)
    __rt_exit_ls                             0x08000227   Thumb Code     0  rtexit2.o(.ARM.Collect$$rtexit$$00000003)
    __rt_exit_prels_1                        0x08000227   Thumb Code     0  rtexit2.o(.ARM.Collect$$rtexit$$00000002)
    __rt_exit_exit                           0x0800022b   Thumb Code     0  rtexit2.o(.ARM.Collect$$rtexit$$00000004)
    Reset_Handler                            0x08000231   Thumb Code     8  startup_stm32f407xx.o(.text)
    ADC_IRQHandler                           0x0800024b   Thumb Code     0  startup_stm32f407xx.o(.text)
    CAN1_RX0_IRQHandler                      0x0800024b   Thumb Code     0  startup_stm32f407xx.o(.text)
    CAN1_RX1_IRQHandler                      0x0800024b   Thumb Code     0  startup_stm32f407xx.o(.text)
    CAN1_SCE_IRQHandler                      0x0800024b   Thumb Code     0  startup_stm32f407xx.o(.text)
    CAN1_TX_IRQHandler                       0x0800024b   Thumb Code     0  startup_stm32f407xx.o(.text)
    CAN2_RX0_IRQHandler                      0x0800024b   Thumb Code     0  startup_stm32f407xx.o(.text)
    CAN2_RX1_IRQHandler                      0x0800024b   Thumb Code     0  startup_stm32f407xx.o(.text)
    CAN2_SCE_IRQHandler                      0x0800024b   Thumb Code     0  startup_stm32f407xx.o(.text)
    CAN2_TX_IRQHandler                       0x0800024b   Thumb Code     0  startup_stm32f407xx.o(.text)
    DCMI_IRQHandler                          0x0800024b   Thumb Code     0  startup_stm32f407xx.o(.text)
    DMA1_Stream0_IRQHandler                  0x0800024b   Thumb Code     0  startup_stm32f407xx.o(.text)
    DMA1_Stream1_IRQHandler                  0x0800024b   Thumb Code     0  startup_stm32f407xx.o(.text)
    DMA1_Stream2_IRQHandler                  0x0800024b   Thumb Code     0  startup_stm32f407xx.o(.text)
    DMA1_Stream3_IRQHandler                  0x0800024b   Thumb Code     0  startup_stm32f407xx.o(.text)
    DMA1_Stream4_IRQHandler                  0x0800024b   Thumb Code     0  startup_stm32f407xx.o(.text)
    DMA1_Stream5_IRQHandler                  0x0800024b   Thumb Code     0  startup_stm32f407xx.o(.text)
    DMA1_Stream6_IRQHandler                  0x0800024b   Thumb Code     0  startup_stm32f407xx.o(.text)
    DMA1_Stream7_IRQHandler                  0x0800024b   Thumb Code     0  startup_stm32f407xx.o(.text)
    DMA2_Stream0_IRQHandler                  0x0800024b   Thumb Code     0  startup_stm32f407xx.o(.text)
    DMA2_Stream1_IRQHandler                  0x0800024b   Thumb Code     0  startup_stm32f407xx.o(.text)
    DMA2_Stream2_IRQHandler                  0x0800024b   Thumb Code     0  startup_stm32f407xx.o(.text)
    DMA2_Stream3_IRQHandler                  0x0800024b   Thumb Code     0  startup_stm32f407xx.o(.text)
    DMA2_Stream4_IRQHandler                  0x0800024b   Thumb Code     0  startup_stm32f407xx.o(.text)
    DMA2_Stream5_IRQHandler                  0x0800024b   Thumb Code     0  startup_stm32f407xx.o(.text)
    DMA2_Stream6_IRQHandler                  0x0800024b   Thumb Code     0  startup_stm32f407xx.o(.text)
    ETH_IRQHandler                           0x0800024b   Thumb Code     0  startup_stm32f407xx.o(.text)
    ETH_WKUP_IRQHandler                      0x0800024b   Thumb Code     0  startup_stm32f407xx.o(.text)
    EXTI15_10_IRQHandler                     0x0800024b   Thumb Code     0  startup_stm32f407xx.o(.text)
    EXTI1_IRQHandler                         0x0800024b   Thumb Code     0  startup_stm32f407xx.o(.text)
    EXTI3_IRQHandler                         0x0800024b   Thumb Code     0  startup_stm32f407xx.o(.text)
    FLASH_IRQHandler                         0x0800024b   Thumb Code     0  startup_stm32f407xx.o(.text)
    FMC_IRQHandler                           0x0800024b   Thumb Code     0  startup_stm32f407xx.o(.text)
    FPU_IRQHandler                           0x0800024b   Thumb Code     0  startup_stm32f407xx.o(.text)
    HASH_RNG_IRQHandler                      0x0800024b   Thumb Code     0  startup_stm32f407xx.o(.text)
    I2C1_ER_IRQHandler                       0x0800024b   Thumb Code     0  startup_stm32f407xx.o(.text)
    I2C1_EV_IRQHandler                       0x0800024b   Thumb Code     0  startup_stm32f407xx.o(.text)
    I2C2_ER_IRQHandler                       0x0800024b   Thumb Code     0  startup_stm32f407xx.o(.text)
    I2C2_EV_IRQHandler                       0x0800024b   Thumb Code     0  startup_stm32f407xx.o(.text)
    I2C3_ER_IRQHandler                       0x0800024b   Thumb Code     0  startup_stm32f407xx.o(.text)
    I2C3_EV_IRQHandler                       0x0800024b   Thumb Code     0  startup_stm32f407xx.o(.text)
    OTG_FS_IRQHandler                        0x0800024b   Thumb Code     0  startup_stm32f407xx.o(.text)
    OTG_FS_WKUP_IRQHandler                   0x0800024b   Thumb Code     0  startup_stm32f407xx.o(.text)
    OTG_HS_EP1_IN_IRQHandler                 0x0800024b   Thumb Code     0  startup_stm32f407xx.o(.text)
    OTG_HS_EP1_OUT_IRQHandler                0x0800024b   Thumb Code     0  startup_stm32f407xx.o(.text)
    OTG_HS_IRQHandler                        0x0800024b   Thumb Code     0  startup_stm32f407xx.o(.text)
    OTG_HS_WKUP_IRQHandler                   0x0800024b   Thumb Code     0  startup_stm32f407xx.o(.text)
    PVD_IRQHandler                           0x0800024b   Thumb Code     0  startup_stm32f407xx.o(.text)
    RCC_IRQHandler                           0x0800024b   Thumb Code     0  startup_stm32f407xx.o(.text)
    RTC_Alarm_IRQHandler                     0x0800024b   Thumb Code     0  startup_stm32f407xx.o(.text)
    RTC_WKUP_IRQHandler                      0x0800024b   Thumb Code     0  startup_stm32f407xx.o(.text)
    SDIO_IRQHandler                          0x0800024b   Thumb Code     0  startup_stm32f407xx.o(.text)
    SPI1_IRQHandler                          0x0800024b   Thumb Code     0  startup_stm32f407xx.o(.text)
    SPI2_IRQHandler                          0x0800024b   Thumb Code     0  startup_stm32f407xx.o(.text)
    SPI3_IRQHandler                          0x0800024b   Thumb Code     0  startup_stm32f407xx.o(.text)
    TAMP_STAMP_IRQHandler                    0x0800024b   Thumb Code     0  startup_stm32f407xx.o(.text)
    TIM1_BRK_TIM9_IRQHandler                 0x0800024b   Thumb Code     0  startup_stm32f407xx.o(.text)
    TIM1_CC_IRQHandler                       0x0800024b   Thumb Code     0  startup_stm32f407xx.o(.text)
    TIM2_IRQHandler                          0x0800024b   Thumb Code     0  startup_stm32f407xx.o(.text)
    TIM4_IRQHandler                          0x0800024b   Thumb Code     0  startup_stm32f407xx.o(.text)
    TIM5_IRQHandler                          0x0800024b   Thumb Code     0  startup_stm32f407xx.o(.text)
    TIM6_DAC_IRQHandler                      0x0800024b   Thumb Code     0  startup_stm32f407xx.o(.text)
    TIM7_IRQHandler                          0x0800024b   Thumb Code     0  startup_stm32f407xx.o(.text)
    TIM8_BRK_TIM12_IRQHandler                0x0800024b   Thumb Code     0  startup_stm32f407xx.o(.text)
    TIM8_CC_IRQHandler                       0x0800024b   Thumb Code     0  startup_stm32f407xx.o(.text)
    UART4_IRQHandler                         0x0800024b   Thumb Code     0  startup_stm32f407xx.o(.text)
    UART5_IRQHandler                         0x0800024b   Thumb Code     0  startup_stm32f407xx.o(.text)
    USART2_IRQHandler                        0x0800024b   Thumb Code     0  startup_stm32f407xx.o(.text)
    USART3_IRQHandler                        0x0800024b   Thumb Code     0  startup_stm32f407xx.o(.text)
    USART6_IRQHandler                        0x0800024b   Thumb Code     0  startup_stm32f407xx.o(.text)
    WWDG_IRQHandler                          0x0800024b   Thumb Code     0  startup_stm32f407xx.o(.text)
    __user_initial_stackheap                 0x0800024d   Thumb Code     0  startup_stm32f407xx.o(.text)
    __aeabi_uldivmod                         0x08000271   Thumb Code     0  lludivv7m.o(.text)
    _ll_udiv                                 0x08000271   Thumb Code   238  lludivv7m.o(.text)
    __2sprintf                               0x08000361   Thumb Code    34  noretval__2sprintf.o(.text)
    _printf_pre_padding                      0x08000389   Thumb Code    44  _printf_pad.o(.text)
    _printf_post_padding                     0x080003b5   Thumb Code    34  _printf_pad.o(.text)
    _printf_int_dec                          0x080003d9   Thumb Code   104  _printf_dec.o(.text)
    __printf                                 0x08000451   Thumb Code   308  __printf_flags_wp.o(.text)
    __aeabi_memclr4                          0x08000589   Thumb Code     0  rt_memclr_w.o(.text)
    __aeabi_memclr8                          0x08000589   Thumb Code     0  rt_memclr_w.o(.text)
    __rt_memclr_w                            0x08000589   Thumb Code    78  rt_memclr_w.o(.text)
    _memset_w                                0x0800058d   Thumb Code     0  rt_memclr_w.o(.text)
    __use_two_region_memory                  0x080005d7   Thumb Code     2  heapauxi.o(.text)
    __rt_heap_escrow$2region                 0x080005d9   Thumb Code     2  heapauxi.o(.text)
    __rt_heap_expand$2region                 0x080005db   Thumb Code     2  heapauxi.o(.text)
    __read_errno                             0x080005dd   Thumb Code    10  _rserrno.o(.text)
    __set_errno                              0x080005e7   Thumb Code    12  _rserrno.o(.text)
    _printf_int_common                       0x080005f3   Thumb Code   178  _printf_intcommon.o(.text)
    _printf_char_common                      0x080006af   Thumb Code    32  _printf_char_common.o(.text)
    _sputc                                   0x080006d5   Thumb Code    10  _sputc.o(.text)
    __aeabi_errno_addr                       0x080006e1   Thumb Code     8  rt_errno_addr_intlibspace.o(.text)
    __errno$intlibspace                      0x080006e1   Thumb Code     0  rt_errno_addr_intlibspace.o(.text)
    __rt_errno_addr$intlibspace              0x080006e1   Thumb Code     0  rt_errno_addr_intlibspace.o(.text)
    __user_libspace                          0x080006e9   Thumb Code     8  libspace.o(.text)
    __user_perproc_libspace                  0x080006e9   Thumb Code     0  libspace.o(.text)
    __user_perthread_libspace                0x080006e9   Thumb Code     0  libspace.o(.text)
    __user_setup_stackheap                   0x080006f1   Thumb Code    74  sys_stackheap_outer.o(.text)
    exit                                     0x0800073b   Thumb Code    18  exit.o(.text)
    _sys_exit                                0x0800074d   Thumb Code     8  sys_exit.o(.text)
    __I$use$semihosting                      0x08000759   Thumb Code     0  use_no_semi.o(.text)
    __use_no_semihosting_swi                 0x08000759   Thumb Code     2  use_no_semi.o(.text)
    __semihosting_library_function           0x0800075b   Thumb Code     0  indicate_semi.o(.text)
    BusFault_Handler                         0x08000911   Thumb Code     2  stm32f4xx_it.o(i.BusFault_Handler)
    Calculate_Slider_displacement            0x08000915   Thumb Code   238  demo.o(i.Calculate_Slider_displacement)
    Control_Mode_Change                      0x08000a1d   Thumb Code    16  demo.o(i.Control_Mode_Change)
    Control_Mode_Scan                        0x08000a31   Thumb Code    48  demo.o(i.Control_Mode_Scan)
    DMA2_Stream7_IRQHandler                  0x08000a69   Thumb Code     6  stm32f4xx_it.o(i.DMA2_Stream7_IRQHandler)
    DebugMon_Handler                         0x08000b19   Thumb Code     2  stm32f4xx_it.o(i.DebugMon_Handler)
    EXTI0_IRQHandler                         0x08000b1b   Thumb Code     6  stm32f4xx_it.o(i.EXTI0_IRQHandler)
    EXTI2_IRQHandler                         0x08000b21   Thumb Code     6  stm32f4xx_it.o(i.EXTI2_IRQHandler)
    EXTI4_IRQHandler                         0x08000b27   Thumb Code     6  stm32f4xx_it.o(i.EXTI4_IRQHandler)
    EXTI9_5_IRQHandler                       0x08000b2d   Thumb Code     6  stm32f4xx_it.o(i.EXTI9_5_IRQHandler)
    Error_Handler                            0x08000b33   Thumb Code     4  main.o(i.Error_Handler)
    Get_RXbuffer_Available_Len               0x08000b37   Thumb Code    14  connect.o(i.Get_RXbuffer_Available_Len)
    Get_RXbuffer_Used_Len                    0x08000b45   Thumb Code    18  connect.o(i.Get_RXbuffer_Used_Len)
    Get_RXbuffer_data                        0x08000b57   Thumb Code   126  connect.o(i.Get_RXbuffer_data)
    HAL_ADC_ConfigChannel                    0x08000bd5   Thumb Code   316  stm32f4xx_hal_adc.o(i.HAL_ADC_ConfigChannel)
    HAL_ADC_ConvCpltCallback                 0x08000d21   Thumb Code     2  stm32f4xx_hal_adc.o(i.HAL_ADC_ConvCpltCallback)
    HAL_ADC_ConvHalfCpltCallback             0x08000d23   Thumb Code     2  stm32f4xx_hal_adc.o(i.HAL_ADC_ConvHalfCpltCallback)
    HAL_ADC_ErrorCallback                    0x08000d25   Thumb Code     2  stm32f4xx_hal_adc.o(i.HAL_ADC_ErrorCallback)
    HAL_ADC_Init                             0x08000d27   Thumb Code    84  stm32f4xx_hal_adc.o(i.HAL_ADC_Init)
    HAL_ADC_MspInit                          0x08000d7d   Thumb Code   134  adc.o(i.HAL_ADC_MspInit)
    HAL_ADC_Start_DMA                        0x08000e19   Thumb Code   302  stm32f4xx_hal_adc.o(i.HAL_ADC_Start_DMA)
    HAL_ADC_Stop_DMA                         0x08000f6d   Thumb Code   108  stm32f4xx_hal_adc.o(i.HAL_ADC_Stop_DMA)
    HAL_DMA_Abort                            0x08000fd9   Thumb Code   146  stm32f4xx_hal_dma.o(i.HAL_DMA_Abort)
    HAL_DMA_Abort_IT                         0x0800106b   Thumb Code    36  stm32f4xx_hal_dma.o(i.HAL_DMA_Abort_IT)
    HAL_DMA_IRQHandler                       0x08001091   Thumb Code   412  stm32f4xx_hal_dma.o(i.HAL_DMA_IRQHandler)
    HAL_DMA_Init                             0x08001231   Thumb Code   206  stm32f4xx_hal_dma.o(i.HAL_DMA_Init)
    HAL_DMA_Start_IT                         0x08001305   Thumb Code   110  stm32f4xx_hal_dma.o(i.HAL_DMA_Start_IT)
    HAL_Delay                                0x08001375   Thumb Code    32  stm32f4xx_hal.o(i.HAL_Delay)
    HAL_GPIO_EXTI_Callback                   0x08001399   Thumb Code    94  limitswitch.o(i.HAL_GPIO_EXTI_Callback)
    HAL_GPIO_EXTI_IRQHandler                 0x08001401   Thumb Code    18  stm32f4xx_hal_gpio.o(i.HAL_GPIO_EXTI_IRQHandler)
    HAL_GPIO_Init                            0x08001419   Thumb Code   450  stm32f4xx_hal_gpio.o(i.HAL_GPIO_Init)
    HAL_GPIO_ReadPin                         0x08001609   Thumb Code    10  stm32f4xx_hal_gpio.o(i.HAL_GPIO_ReadPin)
    HAL_GPIO_TogglePin                       0x08001613   Thumb Code    16  stm32f4xx_hal_gpio.o(i.HAL_GPIO_TogglePin)
    HAL_GPIO_WritePin                        0x08001623   Thumb Code    10  stm32f4xx_hal_gpio.o(i.HAL_GPIO_WritePin)
    HAL_GetTick                              0x0800162d   Thumb Code     6  stm32f4xx_hal.o(i.HAL_GetTick)
    HAL_IncTick                              0x08001639   Thumb Code    12  stm32f4xx_hal.o(i.HAL_IncTick)
    HAL_Init                                 0x08001649   Thumb Code    48  stm32f4xx_hal.o(i.HAL_Init)
    HAL_InitTick                             0x0800167d   Thumb Code    54  stm32f4xx_hal.o(i.HAL_InitTick)
    HAL_MspInit                              0x080016bd   Thumb Code    48  stm32f4xx_hal_msp.o(i.HAL_MspInit)
    HAL_NVIC_EnableIRQ                       0x080016f1   Thumb Code    26  stm32f4xx_hal_cortex.o(i.HAL_NVIC_EnableIRQ)
    HAL_NVIC_SetPriority                     0x0800170d   Thumb Code    60  stm32f4xx_hal_cortex.o(i.HAL_NVIC_SetPriority)
    HAL_NVIC_SetPriorityGrouping             0x0800174d   Thumb Code    26  stm32f4xx_hal_cortex.o(i.HAL_NVIC_SetPriorityGrouping)
    HAL_RCC_ClockConfig                      0x08001771   Thumb Code   288  stm32f4xx_hal_rcc.o(i.HAL_RCC_ClockConfig)
    HAL_RCC_GetPCLK1Freq                     0x080018a5   Thumb Code    20  stm32f4xx_hal_rcc.o(i.HAL_RCC_GetPCLK1Freq)
    HAL_RCC_GetPCLK2Freq                     0x080018c5   Thumb Code    20  stm32f4xx_hal_rcc.o(i.HAL_RCC_GetPCLK2Freq)
    HAL_RCC_GetSysClockFreq                  0x080018e5   Thumb Code    88  stm32f4xx_hal_rcc.o(i.HAL_RCC_GetSysClockFreq)
    HAL_RCC_OscConfig                        0x08001945   Thumb Code   856  stm32f4xx_hal_rcc.o(i.HAL_RCC_OscConfig)
    HAL_SYSTICK_Config                       0x08001cb1   Thumb Code    40  stm32f4xx_hal_cortex.o(i.HAL_SYSTICK_Config)
    HAL_TIMEx_BreakCallback                  0x08001cd9   Thumb Code     2  stm32f4xx_hal_tim_ex.o(i.HAL_TIMEx_BreakCallback)
    HAL_TIMEx_CommutCallback                 0x08001cdb   Thumb Code     2  stm32f4xx_hal_tim_ex.o(i.HAL_TIMEx_CommutCallback)
    HAL_TIMEx_MasterConfigSynchronization    0x08001cdd   Thumb Code   116  stm32f4xx_hal_tim_ex.o(i.HAL_TIMEx_MasterConfigSynchronization)
    HAL_TIM_Base_Init                        0x08001d6d   Thumb Code    90  stm32f4xx_hal_tim.o(i.HAL_TIM_Base_Init)
    HAL_TIM_Base_MspInit                     0x08001dc9   Thumb Code   198  tim.o(i.HAL_TIM_Base_MspInit)
    HAL_TIM_Base_Start_IT                    0x08001ea9   Thumb Code   100  stm32f4xx_hal_tim.o(i.HAL_TIM_Base_Start_IT)
    HAL_TIM_Base_Stop_IT                     0x08001f29   Thumb Code    48  stm32f4xx_hal_tim.o(i.HAL_TIM_Base_Stop_IT)
    HAL_TIM_ConfigClockSource                0x08001f59   Thumb Code   220  stm32f4xx_hal_tim.o(i.HAL_TIM_ConfigClockSource)
    HAL_TIM_IC_CaptureCallback               0x08002035   Thumb Code     2  stm32f4xx_hal_tim.o(i.HAL_TIM_IC_CaptureCallback)
    HAL_TIM_IRQHandler                       0x08002037   Thumb Code   358  stm32f4xx_hal_tim.o(i.HAL_TIM_IRQHandler)
    HAL_TIM_MspPostInit                      0x0800219d   Thumb Code   152  tim.o(i.HAL_TIM_MspPostInit)
    HAL_TIM_OC_DelayElapsedCallback          0x08002251   Thumb Code     2  stm32f4xx_hal_tim.o(i.HAL_TIM_OC_DelayElapsedCallback)
    HAL_TIM_PWM_ConfigChannel                0x08002253   Thumb Code   204  stm32f4xx_hal_tim.o(i.HAL_TIM_PWM_ConfigChannel)
    HAL_TIM_PWM_Init                         0x0800231f   Thumb Code    90  stm32f4xx_hal_tim.o(i.HAL_TIM_PWM_Init)
    HAL_TIM_PWM_MspInit                      0x08002379   Thumb Code     2  stm32f4xx_hal_tim.o(i.HAL_TIM_PWM_MspInit)
    HAL_TIM_PWM_PulseFinishedCallback        0x0800237b   Thumb Code     2  stm32f4xx_hal_tim.o(i.HAL_TIM_PWM_PulseFinishedCallback)
    HAL_TIM_PWM_Start                        0x0800237d   Thumb Code   172  stm32f4xx_hal_tim.o(i.HAL_TIM_PWM_Start)
    HAL_TIM_PWM_Stop                         0x08002445   Thumb Code   114  stm32f4xx_hal_tim.o(i.HAL_TIM_PWM_Stop)
    HAL_TIM_PeriodElapsedCallback            0x080024c1   Thumb Code   120  stepmotor.o(i.HAL_TIM_PeriodElapsedCallback)
    HAL_TIM_TriggerCallback                  0x08002551   Thumb Code     2  stm32f4xx_hal_tim.o(i.HAL_TIM_TriggerCallback)
    HAL_UARTEx_RxEventCallback               0x08002553   Thumb Code     2  stm32f4xx_hal_uart.o(i.HAL_UARTEx_RxEventCallback)
    HAL_UART_ErrorCallback                   0x08002555   Thumb Code     2  stm32f4xx_hal_uart.o(i.HAL_UART_ErrorCallback)
    HAL_UART_GetState                        0x08002557   Thumb Code    10  stm32f4xx_hal_uart.o(i.HAL_UART_GetState)
    HAL_UART_IRQHandler                      0x08002561   Thumb Code   610  stm32f4xx_hal_uart.o(i.HAL_UART_IRQHandler)
    HAL_UART_Init                            0x080027c9   Thumb Code    98  stm32f4xx_hal_uart.o(i.HAL_UART_Init)
    HAL_UART_MspInit                         0x0800282d   Thumb Code   158  usart.o(i.HAL_UART_MspInit)
    HAL_UART_Receive_IT                      0x080028e1   Thumb Code    42  stm32f4xx_hal_uart.o(i.HAL_UART_Receive_IT)
    HAL_UART_RxCpltCallback                  0x0800290d   Thumb Code    48  connect.o(i.HAL_UART_RxCpltCallback)
    HAL_UART_Transmit_DMA                    0x08002949   Thumb Code   126  stm32f4xx_hal_uart.o(i.HAL_UART_Transmit_DMA)
    HAL_UART_TxCpltCallback                  0x080029d5   Thumb Code     2  stm32f4xx_hal_uart.o(i.HAL_UART_TxCpltCallback)
    HAL_UART_TxHalfCpltCallback              0x080029d7   Thumb Code     2  stm32f4xx_hal_uart.o(i.HAL_UART_TxHalfCpltCallback)
    HardFault_Handler                        0x080029d9   Thumb Code     2  stm32f4xx_it.o(i.HardFault_Handler)
    Joystick_LED_Set                         0x080029dd   Thumb Code    26  joystick.o(i.Joystick_LED_Set)
    Joystick_Start                           0x080029fd   Thumb Code    22  joystick.o(i.Joystick_Start)
    Joystick_State_Analyse                   0x08002a21   Thumb Code   142  demo.o(i.Joystick_State_Analyse)
    Joystick_State_Get                       0x08002ac5   Thumb Code   114  joystick.o(i.Joystick_State_Get)
    Joystick_State_Init                      0x08002b49   Thumb Code    12  joystick.o(i.Joystick_State_Init)
    Limit_Switch_Check                       0x08002b55   Thumb Code   112  limitswitch.o(i.Limit_Switch_Check)
    LowPass_Filter                           0x08002bd1   Thumb Code    22  joystick.o(i.LowPass_Filter)
    MX_ADC1_Init                             0x08002be9   Thumb Code   106  adc.o(i.MX_ADC1_Init)
    MX_DMA_Init                              0x08002c61   Thumb Code    40  dma.o(i.MX_DMA_Init)
    MX_GPIO_Init                             0x08002c8d   Thumb Code   404  gpio.o(i.MX_GPIO_Init)
    MX_TIM10_Init                            0x08002e39   Thumb Code    92  tim.o(i.MX_TIM10_Init)
    MX_TIM11_Init                            0x08002e9d   Thumb Code    92  tim.o(i.MX_TIM11_Init)
    MX_TIM13_Init                            0x08002f01   Thumb Code    92  tim.o(i.MX_TIM13_Init)
    MX_TIM14_Init                            0x08002f65   Thumb Code    92  tim.o(i.MX_TIM14_Init)
    MX_TIM3_Init                             0x08002fc9   Thumb Code    94  tim.o(i.MX_TIM3_Init)
    MX_USART1_UART_Init                      0x08003031   Thumb Code    48  usart.o(i.MX_USART1_UART_Init)
    MemManage_Handler                        0x08003069   Thumb Code     2  stm32f4xx_it.o(i.MemManage_Handler)
    Motor_Position_Init                      0x0800306d   Thumb Code   178  limitswitch.o(i.Motor_Position_Init)
    NMI_Handler                              0x08003139   Thumb Code     2  stm32f4xx_it.o(i.NMI_Handler)
    PendSV_Handler                           0x0800313b   Thumb Code     2  stm32f4xx_it.o(i.PendSV_Handler)
    Puncture_Auto_Control                    0x0800313d   Thumb Code   132  demo.o(i.Puncture_Auto_Control)
    Puncture_Goal_Init                       0x080031d1   Thumb Code    34  demo.o(i.Puncture_Goal_Init)
    Puncture_Manual_Control                  0x080031f9   Thumb Code    54  demo.o(i.Puncture_Manual_Control)
    Puncture_Mechanism_Control               0x0800323d   Thumb Code    90  demo.o(i.Puncture_Mechanism_Control)
    RXData_Analyse                           0x080032a5   Thumb Code   428  demo.o(i.RXData_Analyse)
    SVC_Handler                              0x08003461   Thumb Code     2  stm32f4xx_it.o(i.SVC_Handler)
    Start_PWM_and_IT                         0x08003465   Thumb Code   140  stepmotor.o(i.Start_PWM_and_IT)
    StepMotor_DIR_SET                        0x08003501   Thumb Code    92  stepmotor.o(i.StepMotor_DIR_SET)
    StepMotor_Init                           0x08003565   Thumb Code    40  stepmotor.o(i.StepMotor_Init)
    StepMotor_RUN                            0x08003595   Thumb Code     8  stepmotor.o(i.StepMotor_RUN)
    StepMotor_RunState_Set                   0x0800359d   Thumb Code   112  stepmotor.o(i.StepMotor_RunState_Set)
    StepMotor_STOP                           0x0800360d   Thumb Code    16  stepmotor.o(i.StepMotor_STOP)
    StepMotor_Speed_Set                      0x0800361d   Thumb Code   122  stepmotor.o(i.StepMotor_Speed_Set)
    StepMotor_goal_Set                       0x080036a9   Thumb Code    56  stepmotor.o(i.StepMotor_goal_Set)
    Stop_PWM_and_IT                          0x080036e5   Thumb Code    72  stepmotor.o(i.Stop_PWM_and_IT)
    SysTick_Handler                          0x0800373d   Thumb Code     4  stm32f4xx_it.o(i.SysTick_Handler)
    SystemClock_Config                       0x08003741   Thumb Code   138  main.o(i.SystemClock_Config)
    SystemInit                               0x080037d5   Thumb Code    12  system_stm32f4xx.o(i.SystemInit)
    System_Init                              0x080037e5   Thumb Code    92  demo.o(i.System_Init)
    System_Running                           0x08003855   Thumb Code    78  demo.o(i.System_Running)
    System_Running_Indication                0x080038a9   Thumb Code    78  demo.o(i.System_Running_Indication)
    System_State_Change                      0x08003909   Thumb Code    74  demo.o(i.System_State_Change)
    TIM1_TRG_COM_TIM11_IRQHandler            0x08003961   Thumb Code     6  stm32f4xx_it.o(i.TIM1_TRG_COM_TIM11_IRQHandler)
    TIM1_UP_TIM10_IRQHandler                 0x0800396d   Thumb Code     6  stm32f4xx_it.o(i.TIM1_UP_TIM10_IRQHandler)
    TIM3_IRQHandler                          0x08003979   Thumb Code     6  stm32f4xx_it.o(i.TIM3_IRQHandler)
    TIM8_TRG_COM_TIM14_IRQHandler            0x08003985   Thumb Code     6  stm32f4xx_it.o(i.TIM8_TRG_COM_TIM14_IRQHandler)
    TIM8_UP_TIM13_IRQHandler                 0x08003991   Thumb Code     6  stm32f4xx_it.o(i.TIM8_UP_TIM13_IRQHandler)
    TIM_Base_SetConfig                       0x0800399d   Thumb Code   156  stm32f4xx_hal_tim.o(i.TIM_Base_SetConfig)
    TIM_CCxChannelCmd                        0x08003a65   Thumb Code    26  stm32f4xx_hal_tim.o(i.TIM_CCxChannelCmd)
    TIM_ETR_SetConfig                        0x08003a7f   Thumb Code    20  stm32f4xx_hal_tim.o(i.TIM_ETR_SetConfig)
    TIM_OC2_SetConfig                        0x08003b05   Thumb Code    98  stm32f4xx_hal_tim.o(i.TIM_OC2_SetConfig)
    UART_Start_Receive_IT                    0x08003f4d   Thumb Code    58  stm32f4xx_hal_uart.o(i.UART_Start_Receive_IT)
    USART1_IRQHandler                        0x08003f89   Thumb Code    62  stm32f4xx_it.o(i.USART1_IRQHandler)
    Upload_Buffer_Init                       0x08003fd1   Thumb Code    18  upload.o(i.Upload_Buffer_Init)
    Upload_Data                              0x08003fe9   Thumb Code    38  upload.o(i.Upload_Data)
    Upload_LimitSwitch_Trigger               0x0800401d   Thumb Code    32  upload.o(i.Upload_LimitSwitch_Trigger)
    Upload_Puncture_Goal_And_Real            0x08004065   Thumb Code   364  upload.o(i.Upload_Puncture_Goal_And_Real)
    Upload_System_Error                      0x08004239   Thumb Code    28  upload.o(i.Upload_System_Error)
    UsageFault_Handler                       0x08004261   Thumb Code     2  stm32f4xx_it.o(i.UsageFault_Handler)
    Usart_RX_Data_Init                       0x08004263   Thumb Code    22  connect.o(i.Usart_RX_Data_Init)
    Usart_RX_Queue_Init                      0x08004279   Thumb Code    24  connect.o(i.Usart_RX_Queue_Init)
    Usart_Receive_Start                      0x08004291   Thumb Code    32  connect.o(i.Usart_Receive_Start)
    __ARM_fpclassify                         0x080042c1   Thumb Code    48  fpclassify.o(i.__ARM_fpclassify)
    __hardfp_atan                            0x08004311   Thumb Code   622  atan.o(i.__hardfp_atan)
    __hardfp_tan                             0x080045e9   Thumb Code   108  tan.o(i.__hardfp_tan)
    __ieee754_rem_pio2                       0x08004669   Thumb Code   938  rred.o(i.__ieee754_rem_pio2)
    __kernel_poly                            0x08004aa1   Thumb Code   248  poly.o(i.__kernel_poly)
    __kernel_tan                             0x08004b99   Thumb Code   764  tan_i.o(i.__kernel_tan)
    __mathlib_dbl_infnan                     0x08004ee9   Thumb Code    20  dunder.o(i.__mathlib_dbl_infnan)
    __mathlib_dbl_invalid                    0x08004f01   Thumb Code    24  dunder.o(i.__mathlib_dbl_invalid)
    __mathlib_dbl_underflow                  0x08004f21   Thumb Code    24  dunder.o(i.__mathlib_dbl_underflow)
    _is_digit                                0x08004f41   Thumb Code    14  __printf_wp.o(i._is_digit)
    fabs                                     0x08004f4f   Thumb Code    24  fabs.o(i.fabs)
    main                                     0x08004f67   Thumb Code    50  main.o(i.main)
    __aeabi_dneg                             0x08004f99   Thumb Code     0  basic.o(x$fpl$basic)
    _dneg                                    0x08004f99   Thumb Code     6  basic.o(x$fpl$basic)
    __aeabi_fneg                             0x08004f9f   Thumb Code     0  basic.o(x$fpl$basic)
    _fneg                                    0x08004f9f   Thumb Code     6  basic.o(x$fpl$basic)
    _dabs                                    0x08004fa5   Thumb Code     6  basic.o(x$fpl$basic)
    _fabs                                    0x08004fab   Thumb Code     6  basic.o(x$fpl$basic)
    __aeabi_d2f                              0x08004fb1   Thumb Code     0  d2f.o(x$fpl$d2f)
    _d2f                                     0x08004fb1   Thumb Code    98  d2f.o(x$fpl$d2f)
    __aeabi_dadd                             0x08005015   Thumb Code     0  daddsub_clz.o(x$fpl$dadd)
    _dadd                                    0x08005015   Thumb Code   332  daddsub_clz.o(x$fpl$dadd)
    __aeabi_ddiv                             0x08005165   Thumb Code     0  ddiv.o(x$fpl$ddiv)
    _ddiv                                    0x08005165   Thumb Code   552  ddiv.o(x$fpl$ddiv)
    __aeabi_d2iz                             0x08005415   Thumb Code     0  dfix.o(x$fpl$dfix)
    _dfix                                    0x08005415   Thumb Code    94  dfix.o(x$fpl$dfix)
    __aeabi_i2d                              0x08005473   Thumb Code     0  dflt_clz.o(x$fpl$dflt)
    _dflt                                    0x08005473   Thumb Code    46  dflt_clz.o(x$fpl$dflt)
    __aeabi_ui2d                             0x080054a1   Thumb Code     0  dflt_clz.o(x$fpl$dfltu)
    _dfltu                                   0x080054a1   Thumb Code    38  dflt_clz.o(x$fpl$dfltu)
    __aeabi_dmul                             0x080054c9   Thumb Code     0  dmul.o(x$fpl$dmul)
    _dmul                                    0x080054c9   Thumb Code   332  dmul.o(x$fpl$dmul)
    __fpl_dnaninf                            0x0800561d   Thumb Code   156  dnaninf.o(x$fpl$dnaninf)
    __fpl_dretinf                            0x080056b9   Thumb Code    12  dretinf.o(x$fpl$dretinf)
    __aeabi_drsub                            0x080056c5   Thumb Code     0  daddsub_clz.o(x$fpl$drsb)
    _drsb                                    0x080056c5   Thumb Code    22  daddsub_clz.o(x$fpl$drsb)
    __aeabi_dsub                             0x080056dd   Thumb Code     0  daddsub_clz.o(x$fpl$dsub)
    _dsub                                    0x080056dd   Thumb Code   464  daddsub_clz.o(x$fpl$dsub)
    __aeabi_f2d                              0x080058b1   Thumb Code     0  f2d.o(x$fpl$f2d)
    _f2d                                     0x080058b1   Thumb Code    86  f2d.o(x$fpl$f2d)
    __fpl_fnaninf                            0x08005907   Thumb Code   140  fnaninf.o(x$fpl$fnaninf)
    _fp_init                                 0x08005993   Thumb Code    10  fpinit.o(x$fpl$fpinit)
    __fplib_config_fpu_vfp                   0x0800599b   Thumb Code     0  fpinit.o(x$fpl$fpinit)
    __fplib_config_pureend_doubles           0x0800599b   Thumb Code     0  fpinit.o(x$fpl$fpinit)
    __fpl_fretinf                            0x0800599d   Thumb Code    10  fretinf.o(x$fpl$fretinf)
    __I$use$fp                               0x080059a6   Number         0  usenofp.o(x$fpl$usenofp)
    AHBPrescTable                            0x080059ae   Data          16  system_stm32f4xx.o(.constdata)
    APBPrescTable                            0x080059be   Data           8  system_stm32f4xx.o(.constdata)
    Region$$Table$$Base                      0x08005be8   Number         0  anon$$obj.o(Region$$Table)
    Region$$Table$$Limit                     0x08005c08   Number         0  anon$$obj.o(Region$$Table)
    Control_Mode                             0x20000000   Data           1  demo.o(.data)
    Syetem_state                             0x20000001   Data           1  demo.o(.data)
    RxBuffer                                 0x20000006   Data           1  connect.o(.data)
    LimitSwitch_Flag                         0x20000007   Data           4  limitswitch.o(.data)
    UploadFlag                               0x2000000b   Data           1  upload.o(.data)
    Joystick_Key_enable_flag                 0x2000000c   Data           1  joystick.o(.data)
    Joystick_State                           0x20000010   Data           6  joystick.o(.data)
    uwTickFreq                               0x20000018   Data           1  stm32f4xx_hal.o(.data)
    uwTickPrio                               0x2000001c   Data           4  stm32f4xx_hal.o(.data)
    uwTick                                   0x20000020   Data           4  stm32f4xx_hal.o(.data)
    SystemCoreClock                          0x20000024   Data           4  system_stm32f4xx.o(.data)
    hadc1                                    0x20000028   Data          72  adc.o(.bss)
    hdma_adc1                                0x20000070   Data          96  adc.o(.bss)
    htim3                                    0x200000d0   Data          72  tim.o(.bss)
    htim10                                   0x20000118   Data          72  tim.o(.bss)
    htim11                                   0x20000160   Data          72  tim.o(.bss)
    htim13                                   0x200001a8   Data          72  tim.o(.bss)
    htim14                                   0x200001f0   Data          72  tim.o(.bss)
    huart1                                   0x20000238   Data          68  usart.o(.bss)
    hdma_usart1_tx                           0x2000027c   Data          96  usart.o(.bss)
    Puncture_Goal                            0x200002dc   Data          32  demo.o(.bss)
    Step_Motor                               0x200002fc   Data          96  stepmotor.o(.bss)
    Usart1_RX                                0x2000035c   Data         258  connect.o(.bss)
    Receive_Data                             0x2000045e   Data          18  connect.o(.bss)
    UploadBuffer                             0x20000470   Data         100  upload.o(.bss)
    value                                    0x200004d4   Data          80  joystick.o(.bss)
    __libspace_start                         0x20000524   Data          96  libspace.o(.bss)
    __temporary_stack_top$libspace           0x20000584   Data           0  libspace.o(.bss)



==============================================================================

Memory Map of the image

  Image Entry point : 0x08000189

  Load Region LR_IROM1 (Base: 0x08000000, Size: 0x00005c30, Max: 0x00080000, ABSOLUTE)

    Execution Region ER_IROM1 (Exec base: 0x08000000, Load base: 0x08000000, Size: 0x00005c08, Max: 0x00080000, ABSOLUTE)

    Exec Addr    Load Addr    Size         Type   Attr      Idx    E Section Name        Object

    0x08000000   0x08000000   0x00000188   Data   RO            3    RESET               startup_stm32f407xx.o
    0x08000188   0x08000188   0x00000008   Code   RO         3986  * !!!main             c_w.l(__main.o)
    0x08000190   0x08000190   0x00000034   Code   RO         4314    !!!scatter          c_w.l(__scatter.o)
    0x080001c4   0x080001c4   0x0000001a   Code   RO         4316    !!handler_copy      c_w.l(__scatter_copy.o)
    0x080001de   0x080001de   0x00000002   PAD
    0x080001e0   0x080001e0   0x0000001c   Code   RO         4318    !!handler_zi        c_w.l(__scatter_zi.o)
    0x080001fc   0x080001fc   0x00000000   Code   RO         3981    .ARM.Collect$$_printf_percent$$00000000  c_w.l(_printf_percent.o)
    0x080001fc   0x080001fc   0x00000006   Code   RO         3979    .ARM.Collect$$_printf_percent$$00000009  c_w.l(_printf_d.o)
    0x08000202   0x08000202   0x00000004   Code   RO         4041    .ARM.Collect$$_printf_percent$$00000017  c_w.l(_printf_percent_end.o)
    0x08000206   0x08000206   0x00000002   Code   RO         4185    .ARM.Collect$$libinit$$00000000  c_w.l(libinit.o)
    0x08000208   0x08000208   0x00000004   Code   RO         4186    .ARM.Collect$$libinit$$00000001  c_w.l(libinit2.o)
    0x0800020c   0x0800020c   0x00000000   Code   RO         4189    .ARM.Collect$$libinit$$00000004  c_w.l(libinit2.o)
    0x0800020c   0x0800020c   0x00000000   Code   RO         4192    .ARM.Collect$$libinit$$0000000A  c_w.l(libinit2.o)
    0x0800020c   0x0800020c   0x00000000   Code   RO         4194    .ARM.Collect$$libinit$$0000000C  c_w.l(libinit2.o)
    0x0800020c   0x0800020c   0x00000000   Code   RO         4196    .ARM.Collect$$libinit$$0000000E  c_w.l(libinit2.o)
    0x0800020c   0x0800020c   0x00000000   Code   RO         4199    .ARM.Collect$$libinit$$00000011  c_w.l(libinit2.o)
    0x0800020c   0x0800020c   0x00000000   Code   RO         4201    .ARM.Collect$$libinit$$00000013  c_w.l(libinit2.o)
    0x0800020c   0x0800020c   0x00000000   Code   RO         4203    .ARM.Collect$$libinit$$00000015  c_w.l(libinit2.o)
    0x0800020c   0x0800020c   0x00000000   Code   RO         4205    .ARM.Collect$$libinit$$00000017  c_w.l(libinit2.o)
    0x0800020c   0x0800020c   0x00000000   Code   RO         4207    .ARM.Collect$$libinit$$00000019  c_w.l(libinit2.o)
    0x0800020c   0x0800020c   0x00000000   Code   RO         4209    .ARM.Collect$$libinit$$0000001B  c_w.l(libinit2.o)
    0x0800020c   0x0800020c   0x00000000   Code   RO         4211    .ARM.Collect$$libinit$$0000001D  c_w.l(libinit2.o)
    0x0800020c   0x0800020c   0x00000000   Code   RO         4213    .ARM.Collect$$libinit$$0000001F  c_w.l(libinit2.o)
    0x0800020c   0x0800020c   0x00000000   Code   RO         4215    .ARM.Collect$$libinit$$00000021  c_w.l(libinit2.o)
    0x0800020c   0x0800020c   0x00000000   Code   RO         4217    .ARM.Collect$$libinit$$00000023  c_w.l(libinit2.o)
    0x0800020c   0x0800020c   0x00000000   Code   RO         4219    .ARM.Collect$$libinit$$00000025  c_w.l(libinit2.o)
    0x0800020c   0x0800020c   0x00000000   Code   RO         4223    .ARM.Collect$$libinit$$0000002C  c_w.l(libinit2.o)
    0x0800020c   0x0800020c   0x00000000   Code   RO         4225    .ARM.Collect$$libinit$$0000002E  c_w.l(libinit2.o)
    0x0800020c   0x0800020c   0x00000000   Code   RO         4227    .ARM.Collect$$libinit$$00000030  c_w.l(libinit2.o)
    0x0800020c   0x0800020c   0x00000000   Code   RO         4229    .ARM.Collect$$libinit$$00000032  c_w.l(libinit2.o)
    0x0800020c   0x0800020c   0x00000002   Code   RO         4230    .ARM.Collect$$libinit$$00000033  c_w.l(libinit2.o)
    0x0800020e   0x0800020e   0x00000002   Code   RO         4277    .ARM.Collect$$libshutdown$$00000000  c_w.l(libshutdown.o)
    0x08000210   0x08000210   0x00000000   Code   RO         4295    .ARM.Collect$$libshutdown$$00000002  c_w.l(libshutdown2.o)
    0x08000210   0x08000210   0x00000000   Code   RO         4297    .ARM.Collect$$libshutdown$$00000004  c_w.l(libshutdown2.o)
    0x08000210   0x08000210   0x00000000   Code   RO         4299    .ARM.Collect$$libshutdown$$00000006  c_w.l(libshutdown2.o)
    0x08000210   0x08000210   0x00000000   Code   RO         4302    .ARM.Collect$$libshutdown$$00000009  c_w.l(libshutdown2.o)
    0x08000210   0x08000210   0x00000000   Code   RO         4305    .ARM.Collect$$libshutdown$$0000000C  c_w.l(libshutdown2.o)
    0x08000210   0x08000210   0x00000000   Code   RO         4307    .ARM.Collect$$libshutdown$$0000000E  c_w.l(libshutdown2.o)
    0x08000210   0x08000210   0x00000000   Code   RO         4310    .ARM.Collect$$libshutdown$$00000011  c_w.l(libshutdown2.o)
    0x08000210   0x08000210   0x00000002   Code   RO         4311    .ARM.Collect$$libshutdown$$00000012  c_w.l(libshutdown2.o)
    0x08000212   0x08000212   0x00000000   Code   RO         4026    .ARM.Collect$$rtentry$$00000000  c_w.l(__rtentry.o)
    0x08000212   0x08000212   0x00000000   Code   RO         4095    .ARM.Collect$$rtentry$$00000002  c_w.l(__rtentry2.o)
    0x08000212   0x08000212   0x00000006   Code   RO         4107    .ARM.Collect$$rtentry$$00000004  c_w.l(__rtentry4.o)
    0x08000218   0x08000218   0x00000000   Code   RO         4097    .ARM.Collect$$rtentry$$00000009  c_w.l(__rtentry2.o)
    0x08000218   0x08000218   0x00000004   Code   RO         4098    .ARM.Collect$$rtentry$$0000000A  c_w.l(__rtentry2.o)
    0x0800021c   0x0800021c   0x00000000   Code   RO         4100    .ARM.Collect$$rtentry$$0000000C  c_w.l(__rtentry2.o)
    0x0800021c   0x0800021c   0x00000008   Code   RO         4101    .ARM.Collect$$rtentry$$0000000D  c_w.l(__rtentry2.o)
    0x08000224   0x08000224   0x00000002   Code   RO         4231    .ARM.Collect$$rtexit$$00000000  c_w.l(rtexit.o)
    0x08000226   0x08000226   0x00000000   Code   RO         4246    .ARM.Collect$$rtexit$$00000002  c_w.l(rtexit2.o)
    0x08000226   0x08000226   0x00000004   Code   RO         4247    .ARM.Collect$$rtexit$$00000003  c_w.l(rtexit2.o)
    0x0800022a   0x0800022a   0x00000006   Code   RO         4248    .ARM.Collect$$rtexit$$00000004  c_w.l(rtexit2.o)
    0x08000230   0x08000230   0x00000040   Code   RO            4    .text               startup_stm32f407xx.o
    0x08000270   0x08000270   0x000000ee   Code   RO         3947    .text               c_w.l(lludivv7m.o)
    0x0800035e   0x0800035e   0x00000002   PAD
    0x08000360   0x08000360   0x00000028   Code   RO         3951    .text               c_w.l(noretval__2sprintf.o)
    0x08000388   0x08000388   0x0000004e   Code   RO         3955    .text               c_w.l(_printf_pad.o)
    0x080003d6   0x080003d6   0x00000002   PAD
    0x080003d8   0x080003d8   0x00000078   Code   RO         3957    .text               c_w.l(_printf_dec.o)
    0x08000450   0x08000450   0x00000138   Code   RO         3971    .text               c_w.l(__printf_flags_wp.o)
    0x08000588   0x08000588   0x0000004e   Code   RO         3982    .text               c_w.l(rt_memclr_w.o)
    0x080005d6   0x080005d6   0x00000006   Code   RO         3984    .text               c_w.l(heapauxi.o)
    0x080005dc   0x080005dc   0x00000016   Code   RO         4031    .text               c_w.l(_rserrno.o)
    0x080005f2   0x080005f2   0x000000b2   Code   RO         4033    .text               c_w.l(_printf_intcommon.o)
    0x080006a4   0x080006a4   0x00000030   Code   RO         4037    .text               c_w.l(_printf_char_common.o)
    0x080006d4   0x080006d4   0x0000000a   Code   RO         4039    .text               c_w.l(_sputc.o)
    0x080006de   0x080006de   0x00000002   PAD
    0x080006e0   0x080006e0   0x00000008   Code   RO         4119    .text               c_w.l(rt_errno_addr_intlibspace.o)
    0x080006e8   0x080006e8   0x00000008   Code   RO         4167    .text               c_w.l(libspace.o)
    0x080006f0   0x080006f0   0x0000004a   Code   RO         4170    .text               c_w.l(sys_stackheap_outer.o)
    0x0800073a   0x0800073a   0x00000012   Code   RO         4172    .text               c_w.l(exit.o)
    0x0800074c   0x0800074c   0x0000000c   Code   RO         4243    .text               c_w.l(sys_exit.o)
    0x08000758   0x08000758   0x00000002   Code   RO         4264    .text               c_w.l(use_no_semi.o)
    0x0800075a   0x0800075a   0x00000000   Code   RO         4266    .text               c_w.l(indicate_semi.o)
    0x0800075a   0x0800075a   0x0000006e   Code   RO         1170    i.ADC_DMAConvCplt   stm32f4xx_hal_adc.o
    0x080007c8   0x080007c8   0x00000016   Code   RO         1171    i.ADC_DMAError      stm32f4xx_hal_adc.o
    0x080007de   0x080007de   0x0000000a   Code   RO         1172    i.ADC_DMAHalfConvCplt  stm32f4xx_hal_adc.o
    0x080007e8   0x080007e8   0x00000128   Code   RO         1173    i.ADC_Init          stm32f4xx_hal_adc.o
    0x08000910   0x08000910   0x00000002   Code   RO          393    i.BusFault_Handler  stm32f4xx_it.o
    0x08000912   0x08000912   0x00000002   PAD
    0x08000914   0x08000914   0x00000108   Code   RO          559    i.Calculate_Slider_displacement  demo.o
    0x08000a1c   0x08000a1c   0x00000014   Code   RO          560    i.Control_Mode_Change  demo.o
    0x08000a30   0x08000a30   0x00000038   Code   RO          561    i.Control_Mode_Scan  demo.o
    0x08000a68   0x08000a68   0x0000000c   Code   RO          394    i.DMA2_Stream7_IRQHandler  stm32f4xx_it.o
    0x08000a74   0x08000a74   0x00000028   Code   RO         1907    i.DMA_CalcBaseAndBitshift  stm32f4xx_hal_dma.o
    0x08000a9c   0x08000a9c   0x00000054   Code   RO         1908    i.DMA_CheckFifoParam  stm32f4xx_hal_dma.o
    0x08000af0   0x08000af0   0x00000028   Code   RO         1909    i.DMA_SetConfig     stm32f4xx_hal_dma.o
    0x08000b18   0x08000b18   0x00000002   Code   RO          395    i.DebugMon_Handler  stm32f4xx_it.o
    0x08000b1a   0x08000b1a   0x00000006   Code   RO          396    i.EXTI0_IRQHandler  stm32f4xx_it.o
    0x08000b20   0x08000b20   0x00000006   Code   RO          397    i.EXTI2_IRQHandler  stm32f4xx_it.o
    0x08000b26   0x08000b26   0x00000006   Code   RO          398    i.EXTI4_IRQHandler  stm32f4xx_it.o
    0x08000b2c   0x08000b2c   0x00000006   Code   RO          399    i.EXTI9_5_IRQHandler  stm32f4xx_it.o
    0x08000b32   0x08000b32   0x00000004   Code   RO           13    i.Error_Handler     main.o
    0x08000b36   0x08000b36   0x0000000e   Code   RO          874    i.Get_RXbuffer_Available_Len  connect.o
    0x08000b44   0x08000b44   0x00000012   Code   RO          875    i.Get_RXbuffer_Used_Len  connect.o
    0x08000b56   0x08000b56   0x0000007e   Code   RO          876    i.Get_RXbuffer_data  connect.o
    0x08000bd4   0x08000bd4   0x0000014c   Code   RO         1175    i.HAL_ADC_ConfigChannel  stm32f4xx_hal_adc.o
    0x08000d20   0x08000d20   0x00000002   Code   RO         1176    i.HAL_ADC_ConvCpltCallback  stm32f4xx_hal_adc.o
    0x08000d22   0x08000d22   0x00000002   Code   RO         1177    i.HAL_ADC_ConvHalfCpltCallback  stm32f4xx_hal_adc.o
    0x08000d24   0x08000d24   0x00000002   Code   RO         1179    i.HAL_ADC_ErrorCallback  stm32f4xx_hal_adc.o
    0x08000d26   0x08000d26   0x00000054   Code   RO         1184    i.HAL_ADC_Init      stm32f4xx_hal_adc.o
    0x08000d7a   0x08000d7a   0x00000002   PAD
    0x08000d7c   0x08000d7c   0x0000009c   Code   RO          214    i.HAL_ADC_MspInit   adc.o
    0x08000e18   0x08000e18   0x00000154   Code   RO         1191    i.HAL_ADC_Start_DMA  stm32f4xx_hal_adc.o
    0x08000f6c   0x08000f6c   0x0000006c   Code   RO         1194    i.HAL_ADC_Stop_DMA  stm32f4xx_hal_adc.o
    0x08000fd8   0x08000fd8   0x00000092   Code   RO         1910    i.HAL_DMA_Abort     stm32f4xx_hal_dma.o
    0x0800106a   0x0800106a   0x00000024   Code   RO         1911    i.HAL_DMA_Abort_IT  stm32f4xx_hal_dma.o
    0x0800108e   0x0800108e   0x00000002   PAD
    0x08001090   0x08001090   0x000001a0   Code   RO         1915    i.HAL_DMA_IRQHandler  stm32f4xx_hal_dma.o
    0x08001230   0x08001230   0x000000d4   Code   RO         1916    i.HAL_DMA_Init      stm32f4xx_hal_dma.o
    0x08001304   0x08001304   0x0000006e   Code   RO         1920    i.HAL_DMA_Start_IT  stm32f4xx_hal_dma.o
    0x08001372   0x08001372   0x00000002   PAD
    0x08001374   0x08001374   0x00000024   Code   RO         2329    i.HAL_Delay         stm32f4xx_hal.o
    0x08001398   0x08001398   0x00000068   Code   RO          944    i.HAL_GPIO_EXTI_Callback  limitswitch.o
    0x08001400   0x08001400   0x00000018   Code   RO         1802    i.HAL_GPIO_EXTI_IRQHandler  stm32f4xx_hal_gpio.o
    0x08001418   0x08001418   0x000001f0   Code   RO         1803    i.HAL_GPIO_Init     stm32f4xx_hal_gpio.o
    0x08001608   0x08001608   0x0000000a   Code   RO         1805    i.HAL_GPIO_ReadPin  stm32f4xx_hal_gpio.o
    0x08001612   0x08001612   0x00000010   Code   RO         1806    i.HAL_GPIO_TogglePin  stm32f4xx_hal_gpio.o
    0x08001622   0x08001622   0x0000000a   Code   RO         1807    i.HAL_GPIO_WritePin  stm32f4xx_hal_gpio.o
    0x0800162c   0x0800162c   0x0000000c   Code   RO         2335    i.HAL_GetTick       stm32f4xx_hal.o
    0x08001638   0x08001638   0x00000010   Code   RO         2341    i.HAL_IncTick       stm32f4xx_hal.o
    0x08001648   0x08001648   0x00000034   Code   RO         2342    i.HAL_Init          stm32f4xx_hal.o
    0x0800167c   0x0800167c   0x00000040   Code   RO         2343    i.HAL_InitTick      stm32f4xx_hal.o
    0x080016bc   0x080016bc   0x00000034   Code   RO          535    i.HAL_MspInit       stm32f4xx_hal_msp.o
    0x080016f0   0x080016f0   0x0000001a   Code   RO         2192    i.HAL_NVIC_EnableIRQ  stm32f4xx_hal_cortex.o
    0x0800170a   0x0800170a   0x00000002   PAD
    0x0800170c   0x0800170c   0x00000040   Code   RO         2198    i.HAL_NVIC_SetPriority  stm32f4xx_hal_cortex.o
    0x0800174c   0x0800174c   0x00000024   Code   RO         2199    i.HAL_NVIC_SetPriorityGrouping  stm32f4xx_hal_cortex.o
    0x08001770   0x08001770   0x00000134   Code   RO         1449    i.HAL_RCC_ClockConfig  stm32f4xx_hal_rcc.o
    0x080018a4   0x080018a4   0x00000020   Code   RO         1456    i.HAL_RCC_GetPCLK1Freq  stm32f4xx_hal_rcc.o
    0x080018c4   0x080018c4   0x00000020   Code   RO         1457    i.HAL_RCC_GetPCLK2Freq  stm32f4xx_hal_rcc.o
    0x080018e4   0x080018e4   0x00000060   Code   RO         1458    i.HAL_RCC_GetSysClockFreq  stm32f4xx_hal_rcc.o
    0x08001944   0x08001944   0x0000036c   Code   RO         1461    i.HAL_RCC_OscConfig  stm32f4xx_hal_rcc.o
    0x08001cb0   0x08001cb0   0x00000028   Code   RO         2203    i.HAL_SYSTICK_Config  stm32f4xx_hal_cortex.o
    0x08001cd8   0x08001cd8   0x00000002   Code   RO         3286    i.HAL_TIMEx_BreakCallback  stm32f4xx_hal_tim_ex.o
    0x08001cda   0x08001cda   0x00000002   Code   RO         3287    i.HAL_TIMEx_CommutCallback  stm32f4xx_hal_tim_ex.o
    0x08001cdc   0x08001cdc   0x00000090   Code   RO         3305    i.HAL_TIMEx_MasterConfigSynchronization  stm32f4xx_hal_tim_ex.o
    0x08001d6c   0x08001d6c   0x0000005a   Code   RO         2582    i.HAL_TIM_Base_Init  stm32f4xx_hal_tim.o
    0x08001dc6   0x08001dc6   0x00000002   PAD
    0x08001dc8   0x08001dc8   0x000000e0   Code   RO          280    i.HAL_TIM_Base_MspInit  tim.o
    0x08001ea8   0x08001ea8   0x00000080   Code   RO         2587    i.HAL_TIM_Base_Start_IT  stm32f4xx_hal_tim.o
    0x08001f28   0x08001f28   0x00000030   Code   RO         2590    i.HAL_TIM_Base_Stop_IT  stm32f4xx_hal_tim.o
    0x08001f58   0x08001f58   0x000000dc   Code   RO         2591    i.HAL_TIM_ConfigClockSource  stm32f4xx_hal_tim.o
    0x08002034   0x08002034   0x00000002   Code   RO         2616    i.HAL_TIM_IC_CaptureCallback  stm32f4xx_hal_tim.o
    0x08002036   0x08002036   0x00000166   Code   RO         2630    i.HAL_TIM_IRQHandler  stm32f4xx_hal_tim.o
    0x0800219c   0x0800219c   0x000000b4   Code   RO          281    i.HAL_TIM_MspPostInit  tim.o
    0x08002250   0x08002250   0x00000002   Code   RO         2633    i.HAL_TIM_OC_DelayElapsedCallback  stm32f4xx_hal_tim.o
    0x08002252   0x08002252   0x000000cc   Code   RO         2654    i.HAL_TIM_PWM_ConfigChannel  stm32f4xx_hal_tim.o
    0x0800231e   0x0800231e   0x0000005a   Code   RO         2657    i.HAL_TIM_PWM_Init  stm32f4xx_hal_tim.o
    0x08002378   0x08002378   0x00000002   Code   RO         2659    i.HAL_TIM_PWM_MspInit  stm32f4xx_hal_tim.o
    0x0800237a   0x0800237a   0x00000002   Code   RO         2660    i.HAL_TIM_PWM_PulseFinishedCallback  stm32f4xx_hal_tim.o
    0x0800237c   0x0800237c   0x000000c8   Code   RO         2662    i.HAL_TIM_PWM_Start  stm32f4xx_hal_tim.o
    0x08002444   0x08002444   0x0000007c   Code   RO         2665    i.HAL_TIM_PWM_Stop  stm32f4xx_hal_tim.o
    0x080024c0   0x080024c0   0x00000090   Code   RO          791    i.HAL_TIM_PeriodElapsedCallback  stepmotor.o
    0x08002550   0x08002550   0x00000002   Code   RO         2673    i.HAL_TIM_TriggerCallback  stm32f4xx_hal_tim.o
    0x08002552   0x08002552   0x00000002   Code   RO         3564    i.HAL_UARTEx_RxEventCallback  stm32f4xx_hal_uart.o
    0x08002554   0x08002554   0x00000002   Code   RO         3578    i.HAL_UART_ErrorCallback  stm32f4xx_hal_uart.o
    0x08002556   0x08002556   0x0000000a   Code   RO         3580    i.HAL_UART_GetState  stm32f4xx_hal_uart.o
    0x08002560   0x08002560   0x00000268   Code   RO         3581    i.HAL_UART_IRQHandler  stm32f4xx_hal_uart.o
    0x080027c8   0x080027c8   0x00000062   Code   RO         3582    i.HAL_UART_Init     stm32f4xx_hal_uart.o
    0x0800282a   0x0800282a   0x00000002   PAD
    0x0800282c   0x0800282c   0x000000b4   Code   RO          352    i.HAL_UART_MspInit  usart.o
    0x080028e0   0x080028e0   0x0000002a   Code   RO         3587    i.HAL_UART_Receive_IT  stm32f4xx_hal_uart.o
    0x0800290a   0x0800290a   0x00000002   PAD
    0x0800290c   0x0800290c   0x0000003c   Code   RO          877    i.HAL_UART_RxCpltCallback  connect.o
    0x08002948   0x08002948   0x0000008c   Code   RO         3591    i.HAL_UART_Transmit_DMA  stm32f4xx_hal_uart.o
    0x080029d4   0x080029d4   0x00000002   Code   RO         3593    i.HAL_UART_TxCpltCallback  stm32f4xx_hal_uart.o
    0x080029d6   0x080029d6   0x00000002   Code   RO         3594    i.HAL_UART_TxHalfCpltCallback  stm32f4xx_hal_uart.o
    0x080029d8   0x080029d8   0x00000002   Code   RO          400    i.HardFault_Handler  stm32f4xx_it.o
    0x080029da   0x080029da   0x00000002   PAD
    0x080029dc   0x080029dc   0x00000020   Code   RO         1100    i.Joystick_LED_Set  joystick.o
    0x080029fc   0x080029fc   0x00000024   Code   RO         1102    i.Joystick_Start    joystick.o
    0x08002a20   0x08002a20   0x000000a4   Code   RO          562    i.Joystick_State_Analyse  demo.o
    0x08002ac4   0x08002ac4   0x00000084   Code   RO         1103    i.Joystick_State_Get  joystick.o
    0x08002b48   0x08002b48   0x0000000c   Code   RO         1104    i.Joystick_State_Init  joystick.o
    0x08002b54   0x08002b54   0x0000007c   Code   RO          945    i.Limit_Switch_Check  limitswitch.o
    0x08002bd0   0x08002bd0   0x00000016   Code   RO         1106    i.LowPass_Filter    joystick.o
    0x08002be6   0x08002be6   0x00000002   PAD
    0x08002be8   0x08002be8   0x00000078   Code   RO          215    i.MX_ADC1_Init      adc.o
    0x08002c60   0x08002c60   0x0000002c   Code   RO          255    i.MX_DMA_Init       dma.o
    0x08002c8c   0x08002c8c   0x000001ac   Code   RO          189    i.MX_GPIO_Init      gpio.o
    0x08002e38   0x08002e38   0x00000064   Code   RO          282    i.MX_TIM10_Init     tim.o
    0x08002e9c   0x08002e9c   0x00000064   Code   RO          283    i.MX_TIM11_Init     tim.o
    0x08002f00   0x08002f00   0x00000064   Code   RO          284    i.MX_TIM13_Init     tim.o
    0x08002f64   0x08002f64   0x00000064   Code   RO          285    i.MX_TIM14_Init     tim.o
    0x08002fc8   0x08002fc8   0x00000068   Code   RO          286    i.MX_TIM3_Init      tim.o
    0x08003030   0x08003030   0x00000038   Code   RO          353    i.MX_USART1_UART_Init  usart.o
    0x08003068   0x08003068   0x00000002   Code   RO          401    i.MemManage_Handler  stm32f4xx_it.o
    0x0800306a   0x0800306a   0x00000002   PAD
    0x0800306c   0x0800306c   0x000000cc   Code   RO          946    i.Motor_Position_Init  limitswitch.o
    0x08003138   0x08003138   0x00000002   Code   RO          402    i.NMI_Handler       stm32f4xx_it.o
    0x0800313a   0x0800313a   0x00000002   Code   RO          403    i.PendSV_Handler    stm32f4xx_it.o
    0x0800313c   0x0800313c   0x00000094   Code   RO          563    i.Puncture_Auto_Control  demo.o
    0x080031d0   0x080031d0   0x00000028   Code   RO          564    i.Puncture_Goal_Init  demo.o
    0x080031f8   0x080031f8   0x00000044   Code   RO          565    i.Puncture_Manual_Control  demo.o
    0x0800323c   0x0800323c   0x00000068   Code   RO          566    i.Puncture_Mechanism_Control  demo.o
    0x080032a4   0x080032a4   0x000001bc   Code   RO          567    i.RXData_Analyse    demo.o
    0x08003460   0x08003460   0x00000002   Code   RO          404    i.SVC_Handler       stm32f4xx_it.o
    0x08003462   0x08003462   0x00000002   PAD
    0x08003464   0x08003464   0x0000009c   Code   RO          792    i.Start_PWM_and_IT  stepmotor.o
    0x08003500   0x08003500   0x00000064   Code   RO          793    i.StepMotor_DIR_SET  stepmotor.o
    0x08003564   0x08003564   0x00000030   Code   RO          794    i.StepMotor_Init    stepmotor.o
    0x08003594   0x08003594   0x00000008   Code   RO          795    i.StepMotor_RUN     stepmotor.o
    0x0800359c   0x0800359c   0x00000070   Code   RO          796    i.StepMotor_RunState_Set  stepmotor.o
    0x0800360c   0x0800360c   0x00000010   Code   RO          797    i.StepMotor_STOP    stepmotor.o
    0x0800361c   0x0800361c   0x0000008c   Code   RO          798    i.StepMotor_Speed_Set  stepmotor.o
    0x080036a8   0x080036a8   0x0000003c   Code   RO          799    i.StepMotor_goal_Set  stepmotor.o
    0x080036e4   0x080036e4   0x00000058   Code   RO          800    i.Stop_PWM_and_IT   stepmotor.o
    0x0800373c   0x0800373c   0x00000004   Code   RO          405    i.SysTick_Handler   stm32f4xx_it.o
    0x08003740   0x08003740   0x00000094   Code   RO           14    i.SystemClock_Config  main.o
    0x080037d4   0x080037d4   0x00000010   Code   RO         3911    i.SystemInit        system_stm32f4xx.o
    0x080037e4   0x080037e4   0x00000070   Code   RO          568    i.System_Init       demo.o
    0x08003854   0x08003854   0x00000054   Code   RO          569    i.System_Running    demo.o
    0x080038a8   0x080038a8   0x00000060   Code   RO          570    i.System_Running_Indication  demo.o
    0x08003908   0x08003908   0x00000058   Code   RO          571    i.System_State_Change  demo.o
    0x08003960   0x08003960   0x0000000c   Code   RO          406    i.TIM1_TRG_COM_TIM11_IRQHandler  stm32f4xx_it.o
    0x0800396c   0x0800396c   0x0000000c   Code   RO          407    i.TIM1_UP_TIM10_IRQHandler  stm32f4xx_it.o
    0x08003978   0x08003978   0x0000000c   Code   RO          408    i.TIM3_IRQHandler   stm32f4xx_it.o
    0x08003984   0x08003984   0x0000000c   Code   RO          409    i.TIM8_TRG_COM_TIM14_IRQHandler  stm32f4xx_it.o
    0x08003990   0x08003990   0x0000000c   Code   RO          410    i.TIM8_UP_TIM13_IRQHandler  stm32f4xx_it.o
    0x0800399c   0x0800399c   0x000000c8   Code   RO         2675    i.TIM_Base_SetConfig  stm32f4xx_hal_tim.o
    0x08003a64   0x08003a64   0x0000001a   Code   RO         2676    i.TIM_CCxChannelCmd  stm32f4xx_hal_tim.o
    0x08003a7e   0x08003a7e   0x00000014   Code   RO         2686    i.TIM_ETR_SetConfig  stm32f4xx_hal_tim.o
    0x08003a92   0x08003a92   0x00000010   Code   RO         2687    i.TIM_ITRx_SetConfig  stm32f4xx_hal_tim.o
    0x08003aa2   0x08003aa2   0x00000002   PAD
    0x08003aa4   0x08003aa4   0x00000060   Code   RO         2688    i.TIM_OC1_SetConfig  stm32f4xx_hal_tim.o
    0x08003b04   0x08003b04   0x0000006c   Code   RO         2689    i.TIM_OC2_SetConfig  stm32f4xx_hal_tim.o
    0x08003b70   0x08003b70   0x00000068   Code   RO         2690    i.TIM_OC3_SetConfig  stm32f4xx_hal_tim.o
    0x08003bd8   0x08003bd8   0x00000050   Code   RO         2691    i.TIM_OC4_SetConfig  stm32f4xx_hal_tim.o
    0x08003c28   0x08003c28   0x00000022   Code   RO         2693    i.TIM_TI1_ConfigInputStage  stm32f4xx_hal_tim.o
    0x08003c4a   0x08003c4a   0x00000024   Code   RO         2695    i.TIM_TI2_ConfigInputStage  stm32f4xx_hal_tim.o
    0x08003c6e   0x08003c6e   0x00000010   Code   RO         3595    i.UART_DMAAbortOnError  stm32f4xx_hal_uart.o
    0x08003c7e   0x08003c7e   0x0000004a   Code   RO         3596    i.UART_DMAError     stm32f4xx_hal_uart.o
    0x08003cc8   0x08003cc8   0x00000042   Code   RO         3601    i.UART_DMATransmitCplt  stm32f4xx_hal_uart.o
    0x08003d0a   0x08003d0a   0x0000000a   Code   RO         3603    i.UART_DMATxHalfCplt  stm32f4xx_hal_uart.o
    0x08003d14   0x08003d14   0x0000004e   Code   RO         3605    i.UART_EndRxTransfer  stm32f4xx_hal_uart.o
    0x08003d62   0x08003d62   0x0000001c   Code   RO         3606    i.UART_EndTxTransfer  stm32f4xx_hal_uart.o
    0x08003d7e   0x08003d7e   0x000000c0   Code   RO         3607    i.UART_Receive_IT   stm32f4xx_hal_uart.o
    0x08003e3e   0x08003e3e   0x00000002   PAD
    0x08003e40   0x08003e40   0x0000010c   Code   RO         3608    i.UART_SetConfig    stm32f4xx_hal_uart.o
    0x08003f4c   0x08003f4c   0x0000003a   Code   RO         3610    i.UART_Start_Receive_IT  stm32f4xx_hal_uart.o
    0x08003f86   0x08003f86   0x00000002   PAD
    0x08003f88   0x08003f88   0x00000048   Code   RO          411    i.USART1_IRQHandler  stm32f4xx_it.o
    0x08003fd0   0x08003fd0   0x00000018   Code   RO          994    i.Upload_Buffer_Init  upload.o
    0x08003fe8   0x08003fe8   0x00000034   Code   RO          996    i.Upload_Data       upload.o
    0x0800401c   0x0800401c   0x00000048   Code   RO         1000    i.Upload_LimitSwitch_Trigger  upload.o
    0x08004064   0x08004064   0x000001d4   Code   RO         1003    i.Upload_Puncture_Goal_And_Real  upload.o
    0x08004238   0x08004238   0x00000028   Code   RO         1005    i.Upload_System_Error  upload.o
    0x08004260   0x08004260   0x00000002   Code   RO          412    i.UsageFault_Handler  stm32f4xx_it.o
    0x08004262   0x08004262   0x00000016   Code   RO          878    i.Usart_RX_Data_Init  connect.o
    0x08004278   0x08004278   0x00000018   Code   RO          879    i.Usart_RX_Queue_Init  connect.o
    0x08004290   0x08004290   0x00000030   Code   RO          880    i.Usart_Receive_Start  connect.o
    0x080042c0   0x080042c0   0x00000030   Code   RO         4079    i.__ARM_fpclassify  m_wm.l(fpclassify.o)
    0x080042f0   0x080042f0   0x00000020   Code   RO         2205    i.__NVIC_SetPriority  stm32f4xx_hal_cortex.o
    0x08004310   0x08004310   0x000002d8   Code   RO         4000    i.__hardfp_atan     m_wm.l(atan.o)
    0x080045e8   0x080045e8   0x00000080   Code   RO         4014    i.__hardfp_tan      m_wm.l(tan.o)
    0x08004668   0x08004668   0x00000438   Code   RO         4083    i.__ieee754_rem_pio2  m_wm.l(rred.o)
    0x08004aa0   0x08004aa0   0x000000f8   Code   RO         4081    i.__kernel_poly     m_wm.l(poly.o)
    0x08004b98   0x08004b98   0x00000350   Code   RO         4088    i.__kernel_tan      m_wm.l(tan_i.o)
    0x08004ee8   0x08004ee8   0x00000014   Code   RO         4060    i.__mathlib_dbl_infnan  m_wm.l(dunder.o)
    0x08004efc   0x08004efc   0x00000004   PAD
    0x08004f00   0x08004f00   0x00000020   Code   RO         4062    i.__mathlib_dbl_invalid  m_wm.l(dunder.o)
    0x08004f20   0x08004f20   0x00000020   Code   RO         4065    i.__mathlib_dbl_underflow  m_wm.l(dunder.o)
    0x08004f40   0x08004f40   0x0000000e   Code   RO         3969    i._is_digit         c_w.l(__printf_wp.o)
    0x08004f4e   0x08004f4e   0x00000018   Code   RO         4075    i.fabs              m_wm.l(fabs.o)
    0x08004f66   0x08004f66   0x00000032   Code   RO           15    i.main              main.o
    0x08004f98   0x08004f98   0x00000018   Code   RO         4042    x$fpl$basic         fz_wm.l(basic.o)
    0x08004fb0   0x08004fb0   0x00000062   Code   RO         3988    x$fpl$d2f           fz_wm.l(d2f.o)
    0x08005012   0x08005012   0x00000002   PAD
    0x08005014   0x08005014   0x00000150   Code   RO         4044    x$fpl$dadd          fz_wm.l(daddsub_clz.o)
    0x08005164   0x08005164   0x000002b0   Code   RO         3991    x$fpl$ddiv          fz_wm.l(ddiv.o)
    0x08005414   0x08005414   0x0000005e   Code   RO         4155    x$fpl$dfix          fz_wm.l(dfix.o)
    0x08005472   0x08005472   0x0000002e   Code   RO         4160    x$fpl$dflt          fz_wm.l(dflt_clz.o)
    0x080054a0   0x080054a0   0x00000026   Code   RO         4159    x$fpl$dfltu         fz_wm.l(dflt_clz.o)
    0x080054c6   0x080054c6   0x00000002   PAD
    0x080054c8   0x080054c8   0x00000154   Code   RO         3994    x$fpl$dmul          fz_wm.l(dmul.o)
    0x0800561c   0x0800561c   0x0000009c   Code   RO         4050    x$fpl$dnaninf       fz_wm.l(dnaninf.o)
    0x080056b8   0x080056b8   0x0000000c   Code   RO         4052    x$fpl$dretinf       fz_wm.l(dretinf.o)
    0x080056c4   0x080056c4   0x00000016   Code   RO         4045    x$fpl$drsb          fz_wm.l(daddsub_clz.o)
    0x080056da   0x080056da   0x00000002   PAD
    0x080056dc   0x080056dc   0x000001d4   Code   RO         4046    x$fpl$dsub          fz_wm.l(daddsub_clz.o)
    0x080058b0   0x080058b0   0x00000056   Code   RO         3996    x$fpl$f2d           fz_wm.l(f2d.o)
    0x08005906   0x08005906   0x0000008c   Code   RO         4054    x$fpl$fnaninf       fz_wm.l(fnaninf.o)
    0x08005992   0x08005992   0x0000000a   Code   RO         4241    x$fpl$fpinit        fz_wm.l(fpinit.o)
    0x0800599c   0x0800599c   0x0000000a   Code   RO         4056    x$fpl$fretinf       fz_wm.l(fretinf.o)
    0x080059a6   0x080059a6   0x00000000   Code   RO         4058    x$fpl$usenofp       fz_wm.l(usenofp.o)
    0x080059a6   0x080059a6   0x00000008   Data   RO         1922    .constdata          stm32f4xx_hal_dma.o
    0x080059ae   0x080059ae   0x00000010   Data   RO         3912    .constdata          system_stm32f4xx.o
    0x080059be   0x080059be   0x00000008   Data   RO         3913    .constdata          system_stm32f4xx.o
    0x080059c6   0x080059c6   0x00000011   Data   RO         3972    .constdata          c_w.l(__printf_flags_wp.o)
    0x080059d7   0x080059d7   0x00000001   PAD
    0x080059d8   0x080059d8   0x00000098   Data   RO         4003    .constdata          m_wm.l(atan.o)
    0x08005a70   0x08005a70   0x000000c8   Data   RO         4085    .constdata          m_wm.l(rred.o)
    0x08005b38   0x08005b38   0x00000060   Data   RO         4089    .constdata          m_wm.l(tan_i.o)
    0x08005b98   0x08005b98   0x00000050   Data   RO         1007    .conststring        upload.o
    0x08005be8   0x08005be8   0x00000020   Data   RO         4312    Region$$Table       anon$$obj.o


    Execution Region RW_IRAM1 (Exec base: 0x20000000, Load base: 0x08005c08, Size: 0x00000b88, Max: 0x0001c000, ABSOLUTE)

    Exec Addr    Load Addr    Size         Type   Attr      Idx    E Section Name        Object

    0x20000000   0x08005c08   0x00000006   Data   RW          573    .data               demo.o
    0x20000006   0x08005c0e   0x00000001   Data   RW          883    .data               connect.o
    0x20000007   0x08005c0f   0x00000004   Data   RW          947    .data               limitswitch.o
    0x2000000b   0x08005c13   0x00000001   Data   RW         1008    .data               upload.o
    0x2000000c   0x08005c14   0x00000001   Data   RW         1108    .data               joystick.o
    0x2000000d   0x08005c15   0x00000001   PAD
    0x2000000e   0x08005c16   0x00000008   Data   RW         1109    .data               joystick.o
    0x20000016   0x08005c1e   0x00000002   PAD
    0x20000018   0x08005c20   0x0000000c   Data   RW         2349    .data               stm32f4xx_hal.o
    0x20000024   0x08005c2c   0x00000004   Data   RW         3914    .data               system_stm32f4xx.o
    0x20000028        -       0x000000a8   Zero   RW          216    .bss                adc.o
    0x200000d0        -       0x00000168   Zero   RW          287    .bss                tim.o
    0x20000238        -       0x000000a4   Zero   RW          354    .bss                usart.o
    0x200002dc        -       0x00000020   Zero   RW          572    .bss                demo.o
    0x200002fc        -       0x00000060   Zero   RW          801    .bss                stepmotor.o
    0x2000035c        -       0x00000114   Zero   RW          882    .bss                connect.o
    0x20000470        -       0x00000064   Zero   RW         1006    .bss                upload.o
    0x200004d4        -       0x00000050   Zero   RW         1107    .bss                joystick.o
    0x20000524        -       0x00000060   Zero   RW         4168    .bss                c_w.l(libspace.o)
    0x20000584   0x08005c30   0x00000004   PAD
    0x20000588        -       0x00000200   Zero   RW            2    HEAP                startup_stm32f407xx.o
    0x20000788        -       0x00000400   Zero   RW            1    STACK               startup_stm32f407xx.o


    Execution Region RW_IRAM2 (Exec base: 0x2001c000, Load base: 0x08005c30, Size: 0x00000000, Max: 0x00004000, ABSOLUTE)

    **** No section assigned to this execution region ****


==============================================================================

Image component sizes


      Code (inc. data)   RO Data    RW Data    ZI Data      Debug   Object Name

       276         36          0          0        168       1943   adc.o
       312         28          0          1        276       5888   connect.o
      1688        184          0          6         32      12902   demo.o
        44          4          0          0          0        846   dma.o
       428         24          0          0          0       1227   gpio.o
       234         38          0          9         80       5134   joystick.o
       432         48          0          4          0       3881   limitswitch.o
       202         10          0          0          0     707220   main.o
        64         26        392          0       1536        880   startup_stm32f407xx.o
       872         94          0          0         96       8130   stepmotor.o
       180         28          0         12          0       9689   stm32f4xx_hal.o
      1308         66          0          0          0       8644   stm32f4xx_hal_adc.o
       198         14          0          0          0      34163   stm32f4xx_hal_cortex.o
      1084         16          8          0          0       7662   stm32f4xx_hal_dma.o
       556         52          0          0          0       4339   stm32f4xx_hal_gpio.o
        52          4          0          0          0        938   stm32f4xx_hal_msp.o
      1344         72          0          0          0       5448   stm32f4xx_hal_rcc.o
      2192        146          0          0          0      19156   stm32f4xx_hal_tim.o
       148         28          0          0          0       2593   stm32f4xx_hal_tim_ex.o
      1704         30          0          0          0      14422   stm32f4xx_hal_uart.o
       188         46          0          0          0      10222   stm32f4xx_it.o
        16          4         24          4          0       1235   system_stm32f4xx.o
       908         96          0          0        360       5592   tim.o
       656        176         80          1        100       4672   upload.o
       236         30          0          0        164       1941   usart.o

    ----------------------------------------------------------------------
     15352       1300        536         40       2812     878767   Object Totals
         0          0         32          0          0          0   (incl. Generated)
        30          0          0          3          0          0   (incl. Padding)

    ----------------------------------------------------------------------

      Code (inc. data)   RO Data    RW Data    ZI Data      Debug   Library Member Name

         8          0          0          0          0         68   __main.o
       312          4         17          0          0         92   __printf_flags_wp.o
        14          0          0          0          0         68   __printf_wp.o
         0          0          0          0          0          0   __rtentry.o
        12          0          0          0          0          0   __rtentry2.o
         6          0          0          0          0          0   __rtentry4.o
        52          8          0          0          0          0   __scatter.o
        26          0          0          0          0          0   __scatter_copy.o
        28          0          0          0          0          0   __scatter_zi.o
        48          6          0          0          0         96   _printf_char_common.o
         6          0          0          0          0          0   _printf_d.o
       120         16          0          0          0         92   _printf_dec.o
       178          0          0          0          0         88   _printf_intcommon.o
        78          0          0          0          0        108   _printf_pad.o
         0          0          0          0          0          0   _printf_percent.o
         4          0          0          0          0          0   _printf_percent_end.o
        22          0          0          0          0        100   _rserrno.o
        10          0          0          0          0         68   _sputc.o
        18          0          0          0          0         80   exit.o
         6          0          0          0          0        152   heapauxi.o
         0          0          0          0          0          0   indicate_semi.o
         2          0          0          0          0          0   libinit.o
         6          0          0          0          0          0   libinit2.o
         2          0          0          0          0          0   libshutdown.o
         2          0          0          0          0          0   libshutdown2.o
         8          4          0          0         96         68   libspace.o
       238          0          0          0          0        100   lludivv7m.o
        40          6          0          0          0         84   noretval__2sprintf.o
         8          4          0          0          0         68   rt_errno_addr_intlibspace.o
        78          0          0          0          0         80   rt_memclr_w.o
         2          0          0          0          0          0   rtexit.o
        10          0          0          0          0          0   rtexit2.o
        12          4          0          0          0         68   sys_exit.o
        74          0          0          0          0         80   sys_stackheap_outer.o
         2          0          0          0          0         68   use_no_semi.o
        24          0          0          0          0        164   basic.o
        98          4          0          0          0        140   d2f.o
       826         16          0          0          0        492   daddsub_clz.o
       688        140          0          0          0        256   ddiv.o
        94          4          0          0          0        140   dfix.o
        84          0          0          0          0        232   dflt_clz.o
       340         12          0          0          0        152   dmul.o
       156          4          0          0          0        140   dnaninf.o
        12          0          0          0          0        116   dretinf.o
        86          4          0          0          0        132   f2d.o
       140          4          0          0          0        132   fnaninf.o
        10          0          0          0          0        116   fpinit.o
        10          0          0          0          0        116   fretinf.o
         0          0          0          0          0          0   usenofp.o
       728        106        152          0          0        228   atan.o
        84         16          0          0          0        372   dunder.o
        24          0          0          0          0        124   fabs.o
        48          0          0          0          0        124   fpclassify.o
       248          0          0          0          0        152   poly.o
      1080        142        200          0          0        188   rred.o
       128         20          0          0          0        144   tan.o
       848         84         96          0          0        196   tan_i.o

    ----------------------------------------------------------------------
      7206        608        466          0        100       5484   Library Totals
        18          0          1          0          4          0   (incl. Padding)

    ----------------------------------------------------------------------

      Code (inc. data)   RO Data    RW Data    ZI Data      Debug   Library Name

      1432         52         17          0         96       1628   c_w.l
      2568        188          0          0          0       2328   fz_wm.l
      3188        368        448          0          0       1528   m_wm.l

    ----------------------------------------------------------------------
      7206        608        466          0        100       5484   Library Totals

    ----------------------------------------------------------------------

==============================================================================


      Code (inc. data)   RO Data    RW Data    ZI Data      Debug   

     22558       1908       1002         40       2912     865671   Grand Totals
     22558       1908       1002         40       2912     865671   ELF Image Totals
     22558       1908       1002         40          0          0   ROM Totals

==============================================================================

    Total RO  Size (Code + RO Data)                23560 (  23.01kB)
    Total RW  Size (RW Data + ZI Data)              2952 (   2.88kB)
    Total ROM Size (Code + RO Data + RW Data)      23600 (  23.05kB)

==============================================================================

